Component: ARM Compiler 5.06 update 6 (build 750) Tool: armlink [4d35ed]

==============================================================================

Section Cross References

    startup_stm32f103xb.o(STACK) refers (Special) to heapauxi.o(.text) for __use_two_region_memory
    startup_stm32f103xb.o(HEAP) refers (Special) to heapauxi.o(.text) for __use_two_region_memory
    startup_stm32f103xb.o(RESET) refers (Special) to heapauxi.o(.text) for __use_two_region_memory
    startup_stm32f103xb.o(RESET) refers to startup_stm32f103xb.o(STACK) for __initial_sp
    startup_stm32f103xb.o(RESET) refers to startup_stm32f103xb.o(.text) for Reset_Handler
    startup_stm32f103xb.o(RESET) refers to stm32f1xx_it.o(i.NMI_Handler) for NMI_Handler
    startup_stm32f103xb.o(RESET) refers to stm32f1xx_it.o(i.HardFault_Handler) for HardFault_Handler
    startup_stm32f103xb.o(RESET) refers to stm32f1xx_it.o(i.MemManage_Handler) for MemManage_Handler
    startup_stm32f103xb.o(RESET) refers to stm32f1xx_it.o(i.BusFault_Handler) for BusFault_Handler
    startup_stm32f103xb.o(RESET) refers to stm32f1xx_it.o(i.UsageFault_Handler) for UsageFault_Handler
    startup_stm32f103xb.o(RESET) refers to stm32f1xx_it.o(i.SVC_Handler) for SVC_Handler
    startup_stm32f103xb.o(RESET) refers to stm32f1xx_it.o(i.DebugMon_Handler) for DebugMon_Handler
    startup_stm32f103xb.o(RESET) refers to stm32f1xx_it.o(i.PendSV_Handler) for PendSV_Handler
    startup_stm32f103xb.o(RESET) refers to stm32f1xx_it.o(i.SysTick_Handler) for SysTick_Handler
    startup_stm32f103xb.o(.text) refers (Special) to heapauxi.o(.text) for __use_two_region_memory
    startup_stm32f103xb.o(.text) refers to system_stm32f1xx.o(i.SystemInit) for SystemInit
    startup_stm32f103xb.o(.text) refers to __main.o(!!!main) for __main
    startup_stm32f103xb.o(.text) refers to startup_stm32f103xb.o(HEAP) for Heap_Mem
    startup_stm32f103xb.o(.text) refers to startup_stm32f103xb.o(STACK) for Stack_Mem
    main.o(i.SystemClock_Config) refers to rt_memclr_w.o(.text) for __aeabi_memclr4
    main.o(i.SystemClock_Config) refers to stm32f1xx_hal_rcc.o(i.HAL_RCC_OscConfig) for HAL_RCC_OscConfig
    main.o(i.SystemClock_Config) refers to stm32f1xx_hal_rcc.o(i.HAL_RCC_ClockConfig) for HAL_RCC_ClockConfig
    main.o(i.main) refers to aht20-21_demo_v1_3.o(i.Delay_1ms) for Delay_1ms
    main.o(i.main) refers to stm32f1xx_hal.o(i.HAL_Init) for HAL_Init
    main.o(i.main) refers to main.o(i.SystemClock_Config) for SystemClock_Config
    main.o(i.main) refers to gpio.o(i.MX_GPIO_Init) for MX_GPIO_Init
    main.o(i.main) refers to i2c.o(i.MX_I2C2_Init) for MX_I2C2_Init
    main.o(i.main) refers to usart.o(i.MX_USART1_UART_Init) for MX_USART1_UART_Init
    main.o(i.main) refers to i2c.o(i.MX_I2C1_Init) for MX_I2C1_Init
    main.o(i.main) refers to tim.o(i.MX_TIM1_Init) for MX_TIM1_Init
    main.o(i.main) refers to aht20-21_demo_v1_3.o(i.AHT20_Init) for AHT20_Init
    main.o(i.main) refers to stm32_u8g2.o(i.u8g2Init) for u8g2Init
    main.o(i.main) refers to main.o(i.oled_write_init) for oled_write_init
    main.o(i.main) refers to aht20-21_demo_v1_3.o(i.AHT20_Read_CTdata) for AHT20_Read_CTdata
    main.o(i.main) refers to stm32f1xx_hal.o(i.HAL_Delay) for HAL_Delay
    main.o(i.main) refers to main.o(i.oled_write) for oled_write
    main.o(i.oled_write) refers to _printf_percent.o(.ARM.Collect$$_printf_percent$$00000000) for _printf_percent
    main.o(i.oled_write) refers to _printf_f.o(.ARM.Collect$$_printf_percent$$00000003) for _printf_f
    main.o(i.oled_write) refers to printf1.o(x$fpl$printf1) for _printf_fp_dec
    main.o(i.oled_write) refers to dflt_clz.o(x$fpl$dflt) for __aeabi_i2d
    main.o(i.oled_write) refers to ddiv.o(x$fpl$ddiv) for __aeabi_ddiv
    main.o(i.oled_write) refers to noretval__2sprintf.o(.text) for __2sprintf
    main.o(i.oled_write) refers to stm32_u8g2.o(i.u8g2Init) for u8g2Init
    main.o(i.oled_write) refers to u8g2_buffer.o(i.u8g2_ClearBuffer) for u8g2_ClearBuffer
    main.o(i.oled_write) refers to u8g2_font.o(i.u8g2_SetFont) for u8g2_SetFont
    main.o(i.oled_write) refers to u8g2_bitmap.o(i.u8g2_DrawXBMP) for u8g2_DrawXBMP
    main.o(i.oled_write) refers to u8g2_font.o(i.u8g2_DrawStr) for u8g2_DrawStr
    main.o(i.oled_write) refers to u8g2_font.o(i.u8g2_DrawUTF8) for u8g2_DrawUTF8
    main.o(i.oled_write) refers to u8g2_buffer.o(i.u8g2_SendBuffer) for u8g2_SendBuffer
    main.o(i.oled_write) refers to u8g2_fonts.o(.constdata) for u8g2_font_ncenB12_tf
    main.o(i.oled_write) refers to main.o(.constdata) for .constdata
    main.o(i.oled_write_init) refers to stm32_u8g2.o(i.u8g2Init) for u8g2Init
    main.o(i.oled_write_init) refers to u8g2_buffer.o(i.u8g2_ClearBuffer) for u8g2_ClearBuffer
    main.o(i.oled_write_init) refers to u8g2_font.o(i.u8g2_SetFont) for u8g2_SetFont
    main.o(i.oled_write_init) refers to u8g2_bitmap.o(i.u8g2_DrawXBMP) for u8g2_DrawXBMP
    main.o(i.oled_write_init) refers to u8g2_font.o(i.u8g2_DrawStr) for u8g2_DrawStr
[...]
    i.MX_I2C1_Init                           0x080026dc   Section        0  i2c.o(i.MX_I2C1_Init)
    i.MX_I2C2_Init                           0x0800271c   Section        0  i2c.o(i.MX_I2C2_Init)
    i.MX_TIM1_Init                           0x0800275c   Section        0  tim.o(i.MX_TIM1_Init)
    i.MX_USART1_UART_Init                    0x080027c4   Section        0  usart.o(i.MX_USART1_UART_Init)
    i.MemManage_Handler                      0x080027fc   Section        0  stm32f1xx_it.o(i.MemManage_Handler)
    i.NMI_Handler                            0x080027fe   Section        0  stm32f1xx_it.o(i.NMI_Handler)
    i.PendSV_Handler                         0x08002800   Section        0  stm32f1xx_it.o(i.PendSV_Handler)
    i.Receive_ACK                            0x08002804   Section        0  aht20-21_demo_v1_3.o(i.Receive_ACK)
    i.SCL_Pin_Output_High                    0x08002850   Section        0  aht20-21_demo_v1_3.o(i.SCL_Pin_Output_High)
    i.SCL_Pin_Output_Low                     0x08002860   Section        0  aht20-21_demo_v1_3.o(i.SCL_Pin_Output_Low)
    i.SDA_Pin_IN_FLOATING                    0x08002870   Section        0  aht20-21_demo_v1_3.o(i.SDA_Pin_IN_FLOATING)
    i.SDA_Pin_Output_High                    0x0800288c   Section        0  aht20-21_demo_v1_3.o(i.SDA_Pin_Output_High)
    i.SDA_Pin_Output_Low                     0x080028b4   Section        0  aht20-21_demo_v1_3.o(i.SDA_Pin_Output_Low)
    i.SVC_Handler                            0x080028dc   Section        0  stm32f1xx_it.o(i.SVC_Handler)
    i.Send_ACK                               0x080028de   Section        0  aht20-21_demo_v1_3.o(i.Send_ACK)
    i.Send_NOT_ACK                           0x08002916   Section        0  aht20-21_demo_v1_3.o(i.Send_NOT_ACK)
    i.SensorDelay_us                         0x0800294e   Section        0  aht20-21_demo_v1_3.o(i.SensorDelay_us)
    i.Stop_I2C                               0x08002962   Section        0  aht20-21_demo_v1_3.o(i.Stop_I2C)
    i.SysTick_Handler                        0x08002986   Section        0  stm32f1xx_it.o(i.SysTick_Handler)
    i.SystemClock_Config                     0x0800298a   Section        0  main.o(i.SystemClock_Config)
    i.SystemInit                             0x080029e8   Section        0  system_stm32f1xx.o(i.SystemInit)
    i.TIM_Base_SetConfig                     0x080029ec   Section        0  stm32f1xx_hal_tim.o(i.TIM_Base_SetConfig)
    i.TIM_ETR_SetConfig                      0x08002a64   Section        0  stm32f1xx_hal_tim.o(i.TIM_ETR_SetConfig)
    i.TIM_ITRx_SetConfig                     0x08002a78   Section        0  stm32f1xx_hal_tim.o(i.TIM_ITRx_SetConfig)
    TIM_ITRx_SetConfig                       0x08002a79   Thumb Code    16  stm32f1xx_hal_tim.o(i.TIM_ITRx_SetConfig)
    i.TIM_TI1_ConfigInputStage               0x08002a88   Section        0  stm32f1xx_hal_tim.o(i.TIM_TI1_ConfigInputStage)
    TIM_TI1_ConfigInputStage                 0x08002a89   Thumb Code    34  stm32f1xx_hal_tim.o(i.TIM_TI1_ConfigInputStage)
    i.TIM_TI2_ConfigInputStage               0x08002aaa   Section        0  stm32f1xx_hal_tim.o(i.TIM_TI2_ConfigInputStage)
    TIM_TI2_ConfigInputStage                 0x08002aab   Thumb Code    36  stm32f1xx_hal_tim.o(i.TIM_TI2_ConfigInputStage)
    i.Tims_delay_us                          0x08002ad0   Section        0  tim.o(i.Tims_delay_us)
    i.UART_SetConfig                         0x08002b0c   Section        0  stm32f1xx_hal_uart.o(i.UART_SetConfig)
    UART_SetConfig                           0x08002b0d   Thumb Code   178  stm32f1xx_hal_uart.o(i.UART_SetConfig)
    i.UsageFault_Handler                     0x08002bc4   Section        0  stm32f1xx_it.o(i.UsageFault_Handler)
    i.__ARM_fpclassify                       0x08002bc6   Section        0  fpclassify.o(i.__ARM_fpclassify)
    i.__NVIC_SetPriority                     0x08002bee   Section        0  stm32f1xx_hal_cortex.o(i.__NVIC_SetPriority)
    __NVIC_SetPriority                       0x08002bef   Thumb Code    32  stm32f1xx_hal_cortex.o(i.__NVIC_SetPriority)
    i._is_digit                              0x08002c0e   Section        0  __printf_wp.o(i._is_digit)
    i.main                                   0x08002c1c   Section        0  main.o(i.main)
    i.oled_write                             0x08002c94   Section        0  main.o(i.oled_write)
    i.oled_write_init                        0x08002d98   Section        0  main.o(i.oled_write_init)
    i.u8g2Init                               0x08002e94   Section        0  stm32_u8g2.o(i.u8g2Init)
    i.u8g2_ClearBuffer                       0x08002ec8   Section        0  u8g2_buffer.o(i.u8g2_ClearBuffer)
    i.u8g2_DrawGlyph                         0x08002eda   Section        0  u8g2_font.o(i.u8g2_DrawGlyph)
    i.u8g2_DrawHVLine                        0x08002f4c   Section        0  u8g2_hvline.o(i.u8g2_DrawHVLine)
    i.u8g2_DrawHXBMP                         0x08002ff8   Section        0  u8g2_bitmap.o(i.u8g2_DrawHXBMP)
    i.u8g2_DrawStr                           0x0800308c   Section        0  u8g2_font.o(i.u8g2_DrawStr)
    i.u8g2_DrawUTF8                          0x0800309c   Section        0  u8g2_font.o(i.u8g2_DrawUTF8)
    i.u8g2_DrawXBMP                          0x080030ac   Section        0  u8g2_bitmap.o(i.u8g2_DrawXBMP)
    i.u8g2_IsIntersection                    0x080030f8   Section        0  u8g2_intersection.o(i.u8g2_IsIntersection)
    i.u8g2_SendBuffer                        0x08003128   Section        0  u8g2_buffer.o(i.u8g2_SendBuffer)
    i.u8g2_SetFont                           0x0800313a   Section        0  u8g2_font.o(i.u8g2_SetFont)
    i.u8g2_SetFontPosBaseline                0x0800315c   Section        0  u8g2_font.o(i.u8g2_SetFontPosBaseline)
    i.u8g2_SetMaxClipWindow                  0x08003168   Section        0  u8g2_setup.o(i.u8g2_SetMaxClipWindow)
    i.u8g2_SetupBuffer                       0x08003184   Section        0  u8g2_setup.o(i.u8g2_SetupBuffer)
    i.u8g2_Setup_ssd1306_i2c_128x64_noname_f 0x080031c8   Section        0  u8g2_d_setup.o(i.u8g2_Setup_ssd1306_i2c_128x64_noname_f)
    i.u8g2_UpdateRefHeight                   0x08003200   Section        0  u8g2_font.o(i.u8g2_UpdateRefHeight)
    i.u8g2_add_vector_x                      0x08003252   Section        0  u8g2_font.o(i.u8g2_add_vector_x)
    i.u8g2_add_vector_y                      0x0800326e   Section        0  u8g2_font.o(i.u8g2_add_vector_y)
    i.u8g2_apply_clip_window                 0x0800328a   Section        0  u8g2_setup.o(i.u8g2_apply_clip_window)
    u8g2_apply_clip_window                   0x0800328b   Thumb Code   110  u8g2_setup.o(i.u8g2_apply_clip_window)
    i.u8g2_clip_intersection2                0x080032f8   Section        0  u8g2_hvline.o(i.u8g2_clip_intersection2)
    u8g2_clip_intersection2                  0x080032f9   Thumb Code    60  u8g2_hvline.o(i.u8g2_clip_intersection2)
    i.u8g2_draw_hv_line_2dir                 0x08003334   Section        0  u8g2_hvline.o(i.u8g2_draw_hv_line_2dir)
    i.u8g2_draw_l90_r0                       0x08003346   Section        0  u8g2_setup.o(i.u8g2_draw_l90_r0)
    i.u8g2_draw_string                       0x08003352   Section        0  u8g2_font.o(i.u8g2_draw_string)
    u8g2_draw_string                         0x08003353   Thumb Code   118  u8g2_font.o(i.u8g2_draw_string)
    i.u8g2_font_calc_vref_font               0x080033c8   Section        0  u8g2_font.o(i.u8g2_font_calc_vref_font)
    i.u8g2_font_decode_get_signed_bits       0x080033cc   Section        0  u8g2_font.o(i.u8g2_font_decode_get_signed_bits)
    i.u8g2_font_decode_get_unsigned_bits     0x080033e0   Section        0  u8g2_font.o(i.u8g2_font_decode_get_unsigned_bits)
    i.u8g2_font_decode_glyph                 0x08003414   Section        0  u8g2_font.o(i.u8g2_font_decode_glyph)
    i.u8g2_font_decode_len                   0x08003528   Section        0  u8g2_font.o(i.u8g2_font_decode_len)
    i.u8g2_font_get_glyph_data               0x080035b4   Section        0  u8g2_font.o(i.u8g2_font_get_glyph_data)
    i.u8g2_font_get_word                     0x08003626   Section        0  u8g2_font.o(i.u8g2_font_get_word)
    u8g2_font_get_word                       0x08003627   Thumb Code    20  u8g2_font.o(i.u8g2_font_get_word)
    i.u8g2_font_setup_decode                 0x0800363a   Section        0  u8g2_font.o(i.u8g2_font_setup_decode)
    u8g2_font_setup_decode                   0x0800363b   Thumb Code    52  u8g2_font.o(i.u8g2_font_setup_decode)
    i.u8g2_is_intersection_decision_tree     0x0800366e   Section        0  u8g2_intersection.o(i.u8g2_is_intersection_decision_tree)
    i.u8g2_ll_hvline_vertical_top_lsb        0x08003688   Section        0  u8g2_ll_hvline.o(i.u8g2_ll_hvline_vertical_top_lsb)
    i.u8g2_m_16_8_f                          0x08003718   Section        0  u8g2_d_memory.o(i.u8g2_m_16_8_f)
    i.u8g2_read_font_info                    0x08003724   Section        0  u8g2_font.o(i.u8g2_read_font_info)
    i.u8g2_send_buffer                       0x0800378e   Section        0  u8g2_buffer.o(i.u8g2_send_buffer)
    u8g2_send_buffer                         0x0800378f   Thumb Code    78  u8g2_buffer.o(i.u8g2_send_buffer)
    i.u8g2_update_dimension_common           0x080037dc   Section        0  u8g2_setup.o(i.u8g2_update_dimension_common)
    u8g2_update_dimension_common             0x080037dd   Thumb Code    70  u8g2_setup.o(i.u8g2_update_dimension_common)
    i.u8g2_update_dimension_r0               0x08003822   Section        0  u8g2_setup.o(i.u8g2_update_dimension_r0)
    i.u8g2_update_page_win_r0                0x08003826   Section        0  u8g2_setup.o(i.u8g2_update_page_win_r0)
    i.u8x8_DrawTile                          0x08003848   Section        0  u8x8_display.o(i.u8x8_DrawTile)
    i.u8x8_InitDisplay                       0x08003866   Section        0  u8x8_display.o(i.u8x8_InitDisplay)
    i.u8x8_RefreshDisplay                    0x08003876   Section        0  u8x8_display.o(i.u8x8_RefreshDisplay)
    i.u8x8_SetPowerSave                      0x08003886   Section        0  u8x8_display.o(i.u8x8_SetPowerSave)
    i.u8x8_Setup                             0x08003896   Section        0  u8x8_setup.o(i.u8x8_Setup)
    i.u8x8_SetupDefaults                     0x080038b8   Section        0  u8x8_setup.o(i.u8x8_SetupDefaults)
    i.u8x8_SetupMemory                       0x080038dc   Section        0  u8x8_display.o(i.u8x8_SetupMemory)
    i.u8x8_ascii_next                        0x080038ec   Section        0  u8x8_8x8.o(i.u8x8_ascii_next)
    i.u8x8_byte_EndTransfer                  0x080038fa   Section        0  u8x8_byte.o(i.u8x8_byte_EndTransfer)
    i.u8x8_byte_SendByte                     0x0800390a   Section        0  u8x8_byte.o(i.u8x8_byte_SendByte)
    i.u8x8_byte_StartTransfer                0x08003918   Section        0  u8x8_byte.o(i.u8x8_byte_StartTransfer)
    i.u8x8_byte_hw_i2c                       0x08003928   Section        0  stm32_u8g2.o(i.u8x8_byte_hw_i2c)
    i.u8x8_cad_EndTransfer                   0x08003998   Section        0  u8x8_cad.o(i.u8x8_cad_EndTransfer)
    i.u8x8_cad_SendArg                       0x080039a8   Section        0  u8x8_cad.o(i.u8x8_cad_SendArg)
    i.u8x8_cad_SendCmd                       0x080039b8   Section        0  u8x8_cad.o(i.u8x8_cad_SendCmd)
    i.u8x8_cad_SendData                      0x080039c8   Section        0  u8x8_cad.o(i.u8x8_cad_SendData)
    i.u8x8_cad_SendSequence                  0x080039d8   Section        0  u8x8_cad.o(i.u8x8_cad_SendSequence)
    i.u8x8_cad_StartTransfer                 0x08003a40   Section        0  u8x8_cad.o(i.u8x8_cad_StartTransfer)
    i.u8x8_cad_ssd13xx_fast_i2c              0x08003a50   Section        0  u8x8_cad.o(i.u8x8_cad_ssd13xx_fast_i2c)
    i.u8x8_d_helper_display_init             0x08003b0c   Section        0  u8x8_display.o(i.u8x8_d_helper_display_init)
    i.u8x8_d_helper_display_setup_memory     0x08003b6c   Section        0  u8x8_display.o(i.u8x8_d_helper_display_setup_memory)
    i.u8x8_d_ssd1306_128x64_noname           0x08003b78   Section        0  u8x8_d_ssd1306_128x64_noname.o(i.u8x8_d_ssd1306_128x64_noname)
    i.u8x8_d_ssd1306_sh1106_generic          0x08003bb4   Section        0  u8x8_d_ssd1306_128x64_noname.o(i.u8x8_d_ssd1306_sh1106_generic)
    u8x8_d_ssd1306_sh1106_generic            0x08003bb5   Thumb Code   196  u8x8_d_ssd1306_128x64_noname.o(i.u8x8_d_ssd1306_sh1106_generic)
    i.u8x8_dummy_cb                          0x08003c7c   Section        0  u8x8_setup.o(i.u8x8_dummy_cb)
    i.u8x8_gpio_and_delay                    0x08003c80   Section        0  stm32_u8g2.o(i.u8x8_gpio_and_delay)
    i.u8x8_gpio_call                         0x08003cea   Section        0  u8x8_gpio.o(i.u8x8_gpio_call)
    i.u8x8_i2c_data_transfer                 0x08003cf6   Section        0  u8x8_cad.o(i.u8x8_i2c_data_transfer)
    u8x8_i2c_data_transfer                   0x08003cf7   Thumb Code    44  u8x8_cad.o(i.u8x8_i2c_data_transfer)
    i.u8x8_utf8_init                         0x08003d22   Section        0  u8x8_8x8.o(i.u8x8_utf8_init)
    i.u8x8_utf8_next                         0x08003d2a   Section        0  u8x8_8x8.o(i.u8x8_utf8_next)
    locale$$code                             0x08003dbc   Section       44  lc_numeric_c.o(locale$$code)
    x$fpl$ddiv                               0x08003de8   Section      688  ddiv.o(x$fpl$ddiv)
    ddiv_entry                               0x08003def   Thumb Code     0  ddiv.o(x$fpl$ddiv)
    x$fpl$dflt                               0x08004098   Section       46  dflt_clz.o(x$fpl$dflt)
    x$fpl$dnaninf                            0x080040c6   Section      156  dnaninf.o(x$fpl$dnaninf)
    x$fpl$dretinf                            0x08004162   Section       12  dretinf.o(x$fpl$dretinf)
    x$fpl$printf1                            0x0800416e   Section        4  printf1.o(x$fpl$printf1)
    .constdata                               0x08004172   Section      192  main.o(.constdata)
    x$fpl$usenofp                            0x08004172   Section        0  usenofp.o(x$fpl$usenofp)
    wen                                      0x08004172   Data          32  main.o(.constdata)
    shi                                      0x08004192   Data          32  main.o(.constdata)
    du                                       0x080041b2   Data          32  main.o(.constdata)
    dai                                      0x080041d2   Data          32  main.o(.constdata)
    jian                                     0x080041f2   Data          32  main.o(.constdata)
    che                                      0x08004212   Data          32  main.o(.constdata)
    .constdata                               0x08004232   Section       18  stm32f1xx_hal_rcc.o(.constdata)
    aPredivFactorTable                       0x08004232   Data           2  stm32f1xx_hal_rcc.o(.constdata)
    aPLLMULFactorTable                       0x08004234   Data          16  stm32f1xx_hal_rcc.o(.constdata)
    .constdata                               0x08004244   Section       16  system_stm32f1xx.o(.constdata)
    .constdata                               0x08004254   Section        8  system_stm32f1xx.o(.constdata)
    .constdata                               0x0800425c   Section     3953  u8g2_fonts.o(.constdata)
    .constdata                               0x080051d0   Section       12  u8g2_setup.o(.constdata)
    .constdata                               0x080051dc   Section      344  u8x8_d_ssd1306_128x64_noname.o(.constdata)
    u8x8_d_ssd1306_128x64_noname_powersave0_seq 0x080051dc   Data           5  u8x8_d_ssd1306_128x64_noname.o(.constdata)
    u8x8_d_ssd1306_128x64_noname_powersave1_seq 0x080051e1   Data           5  u8x8_d_ssd1306_128x64_noname.o(.constdata)
    u8x8_d_ssd1306_128x64_noname_flip0_seq   0x080051e6   Data           7  u8x8_d_ssd1306_128x64_noname.o(.constdata)
    u8x8_d_ssd1306_128x64_noname_flip1_seq   0x080051ed   Data           7  u8x8_d_ssd1306_128x64_noname.o(.constdata)
    u8x8_d_ssd1312_128x64_noname_flip0_seq   0x080051f4   Data           7  u8x8_d_ssd1306_128x64_noname.o(.constdata)
    u8x8_d_ssd1312_128x64_noname_flip1_seq   0x080051fb   Data           7  u8x8_d_ssd1306_128x64_noname.o(.constdata)
    u8x8_d_ssd1306_128x64_noname_init_seq    0x08005202   Data          53  u8x8_d_ssd1306_128x64_noname.o(.constdata)
    u8x8_d_ssd1306_128x64_vcomh0_init_seq    0x08005237   Data          53  u8x8_d_ssd1306_128x64_noname.o(.constdata)
    u8x8_d_ssd1306_128x64_alt0_init_seq      0x0800526c   Data          53  u8x8_d_ssd1306_128x64_noname.o(.constdata)
    u8x8_d_sh1106_128x64_winstar_init_seq    0x080052a1   Data          45  u8x8_d_ssd1306_128x64_noname.o(.constdata)
    u8x8_d_ssd1312_128x64_noname_init_seq    0x080052ce   Data          53  u8x8_d_ssd1306_128x64_noname.o(.constdata)
    u8x8_ssd1306_128x64_noname_display_info  0x08005304   Data          24  u8x8_d_ssd1306_128x64_noname.o(.constdata)
    u8x8_sh1106_128x64_noname_display_info   0x0800531c   Data          24  u8x8_d_ssd1306_128x64_noname.o(.constdata)
    .constdata                               0x08005334   Section      148  bigflt0.o(.constdata)
    tenpwrs_x                                0x08005334   Data          60  bigflt0.o(.constdata)
    tenpwrs_i                                0x08005370   Data          64  bigflt0.o(.constdata)
    locale$$data                             0x080053e8   Section       28  lc_numeric_c.o(locale$$data)
    __lcnum_c_name                           0x080053ec   Data           2  lc_numeric_c.o(locale$$data)
    __lcnum_c_start                          0x080053f4   Data           0  lc_numeric_c.o(locale$$data)
    __lcnum_c_point                          0x08005400   Data           0  lc_numeric_c.o(locale$$data)
    __lcnum_c_thousands                      0x08005402   Data           0  lc_numeric_c.o(locale$$data)
    __lcnum_c_grouping                       0x08005403   Data           0  lc_numeric_c.o(locale$$data)
    __lcnum_c_end                            0x08005404   Data           0  lc_numeric_c.o(locale$$data)
    .data                                    0x20000000   Section       12  stm32f1xx_hal.o(.data)
    .data                                    0x2000000c   Section        4  system_stm32f1xx.o(.data)
    .data                                    0x20000010   Section        6  u8x8_cad.o(.data)
    in_transfer                              0x20000010   Data           1  u8x8_cad.o(.data)
    in_transfer                              0x20000011   Data           1  u8x8_cad.o(.data)
    in_transfer                              0x20000012   Data           1  u8x8_cad.o(.data)
    is_data                                  0x20000013   Data           1  u8x8_cad.o(.data)
    in_transfer                              0x20000014   Data           1  u8x8_cad.o(.data)
    is_data                                  0x20000015   Data           1  u8x8_cad.o(.data)
    .data                                    0x20000016   Section        1  stm32_u8g2.o(.data)
    buf_idx                                  0x20000016   Data           1  stm32_u8g2.o(.data)
    .bss                                     0x20000018   Section      168  i2c.o(.bss)
    .bss                                     0x200000c0   Section       72  tim.o(.bss)
    .bss                                     0x20000108   Section       72  usart.o(.bss)
    .bss                                     0x20000150   Section     1024  u8g2_d_memory.o(.bss)
    buf                                      0x20000150   Data        1024  u8g2_d_memory.o(.bss)
    .bss                                     0x20000550   Section      128  stm32_u8g2.o(.bss)
    buffer                                   0x20000550   Data         128  stm32_u8g2.o(.bss)
    .bss                                     0x200005d0   Section       96  libspace.o(.bss)
    HEAP                                     0x20000630   Section      512  startup_stm32f103xb.o(HEAP)
    Heap_Mem                                 0x20000630   Data         512  startup_stm32f103xb.o(HEAP)
    STACK                                    0x20000830   Section     1024  startup_stm32f103xb.o(STACK)
    Stack_Mem                                0x20000830   Data        1024  startup_stm32f103xb.o(STACK)
    __initial_sp                             0x20000c30   Data           0  startup_stm32f103xb.o(STACK)

    Global Symbols

    Symbol Name                              Value     Ov Type        Size  Object(Section)

    BuildAttributes$$THM_ISAv4$P$D$K$B$S$PE$A:L22UL41UL21$X:L11$S22US41US21$IEEE1$IW$USESV6$~STKCKD$USESV7$~SHL$OTIME$ROPI$IEEEJ$EBA8$UX$STANDARDLIB$REQ8$PRES8$EABIv2 0x00000000   Number         0  anon$$obj.o ABSOLUTE
    __ARM_use_no_argv                        0x00000000   Number         0  main.o ABSOLUTE
    _printf_flags                            0x00000000   Number         0  printf_stubs.o ABSOLUTE
    _printf_return_value                     0x00000000   Number         0  printf_stubs.o ABSOLUTE
    _printf_sizespec                         0x00000000   Number         0  printf_stubs.o ABSOLUTE
    _printf_widthprec                        0x00000000   Number         0  printf_stubs.o ABSOLUTE
    __ARM_exceptions_init                     - Undefined Weak Reference
    __alloca_initialize                       - Undefined Weak Reference
    __arm_preinit_                            - Undefined Weak Reference
    __cpp_initialize__aeabi_                  - Undefined Weak Reference
    __cxa_finalize                            - Undefined Weak Reference
    __sigvec_lookup                           - Undefined Weak Reference
    __user_heap_extent                        - Undefined Weak Reference
    _atexit_init                              - Undefined Weak Reference
    _call_atexit_fns                          - Undefined Weak Reference
    _clock_init                               - Undefined Weak Reference
    _fp_trap_init                             - Undefined Weak Reference
    _fp_trap_shutdown                         - Undefined Weak Reference
    _get_lc_collate                           - Undefined Weak Reference
    _get_lc_ctype                             - Undefined Weak Reference
    _get_lc_monetary                          - Undefined Weak Reference
    _get_lc_time                              - Undefined Weak Reference
    _getenv_init                              - Undefined Weak Reference
    _handle_redirection                       - Undefined Weak Reference
    _mutex_acquire                            - Undefined Weak Reference
    _mutex_free                               - Undefined Weak Reference
    _mutex_release                            - Undefined Weak Reference
    _printf_post_padding                      - Undefined Weak Reference
    _printf_pre_padding                       - Undefined Weak Reference
    _printf_truncate_signed                   - Undefined Weak Reference
    _printf_truncate_unsigned                 - Undefined Weak Reference
    _rand_init                                - Undefined Weak Reference
    _signal_finish                            - Undefined Weak Reference
    _signal_init                              - Undefined Weak Reference
    __Vectors_Size                           0x000000ec   Number         0  startup_stm32f103xb.o ABSOLUTE
    __Vectors                                0x08000000   Data           4  startup_stm32f103xb.o(RESET)
    __Vectors_End                            0x080000ec   Data           0  startup_stm32f103xb.o(RESET)
    __main                                   0x080000ed   Thumb Code     8  __main.o(!!!main)
    __scatterload                            0x080000f5   Thumb Code     0  __scatter.o(!!!scatter)
    __scatterload_rt2                        0x080000f5   Thumb Code    44  __scatter.o(!!!scatter)
    __scatterload_rt2_thumb_only             0x080000f5   Thumb Code     0  __scatter.o(!!!scatter)
    __scatterload_null                       0x08000103   Thumb Code     0  __scatter.o(!!!scatter)
    __scatterload_copy                       0x08000129   Thumb Code    26  __scatter_copy.o(!!handler_copy)
    __scatterload_zeroinit                   0x08000145   Thumb Code    28  __scatter_zi.o(!!handler_zi)
    _printf_f                                0x08000161   Thumb Code     0  _printf_f.o(.ARM.Collect$$_printf_percent$$00000003)
    _printf_percent                          0x08000161   Thumb Code     0  _printf_percent.o(.ARM.Collect$$_printf_percent$$00000000)
    _printf_percent_end                      0x08000167   Thumb Code     0  _printf_percent_end.o(.ARM.Collect$$_printf_percent$$00000017)
    __rt_lib_init                            0x0800016b   Thumb Code     0  libinit.o(.ARM.Collect$$libinit$$00000000)
    __rt_lib_init_fp_1                       0x0800016d   Thumb Code     0  libinit2.o(.ARM.Collect$$libinit$$00000002)
    __rt_lib_init_heap_1                     0x0800016d   Thumb Code     0  libinit2.o(.ARM.Collect$$libinit$$0000000A)
    __rt_lib_init_lc_common                  0x0800016d   Thumb Code     0  libinit2.o(.ARM.Collect$$libinit$$0000000F)
    __rt_lib_init_preinit_1                  0x0800016d   Thumb Code     0  libinit2.o(.ARM.Collect$$libinit$$00000004)
    __rt_lib_init_rand_1                     0x0800016d   Thumb Code     0  libinit2.o(.ARM.Collect$$libinit$$0000000E)
    __rt_lib_init_user_alloc_1               0x0800016d   Thumb Code     0  libinit2.o(.ARM.Collect$$libinit$$0000000C)
    __rt_lib_init_lc_collate_1               0x08000173   Thumb Code     0  libinit2.o(.ARM.Collect$$libinit$$00000011)
    __rt_lib_init_lc_ctype_1                 0x08000173   Thumb Code     0  libinit2.o(.ARM.Collect$$libinit$$00000013)
    __rt_lib_init_lc_monetary_1              0x08000173   Thumb Code     0  libinit2.o(.ARM.Collect$$libinit$$00000015)
    __rt_lib_init_lc_numeric_2               0x08000173   Thumb Code     0  libinit2.o(.ARM.Collect$$libinit$$00000016)
    __rt_lib_init_alloca_1                   0x0800017d   Thumb Code     0  libinit2.o(.ARM.Collect$$libinit$$0000002E)
    __rt_lib_init_argv_1                     0x0800017d   Thumb Code     0  libinit2.o(.ARM.Collect$$libinit$$0000002C)
    __rt_lib_init_atexit_1                   0x0800017d   Thumb Code     0  libinit2.o(.ARM.Collect$$libinit$$0000001B)
    __rt_lib_init_clock_1                    0x0800017d   Thumb Code     0  libinit2.o(.ARM.Collect$$libinit$$00000021)
    __rt_lib_init_cpp_1                      0x0800017d   Thumb Code     0  libinit2.o(.ARM.Collect$$libinit$$00000032)
    __rt_lib_init_exceptions_1               0x0800017d   Thumb Code     0  libinit2.o(.ARM.Collect$$libinit$$00000030)
    __rt_lib_init_fp_trap_1                  0x0800017d   Thumb Code     0  libinit2.o(.ARM.Collect$$libinit$$0000001F)
    __rt_lib_init_getenv_1                   0x0800017d   Thumb Code     0  libinit2.o(.ARM.Collect$$libinit$$00000023)
    __rt_lib_init_lc_numeric_1               0x0800017d   Thumb Code     0  libinit2.o(.ARM.Collect$$libinit$$00000017)
    __rt_lib_init_lc_time_1                  0x0800017d   Thumb Code     0  libinit2.o(.ARM.Collect$$libinit$$00000019)
    __rt_lib_init_return                     0x0800017d   Thumb Code     0  libinit2.o(.ARM.Collect$$libinit$$00000033)
    __rt_lib_init_signal_1                   0x0800017d   Thumb Code     0  libinit2.o(.ARM.Collect$$libinit$$0000001D)
    __rt_lib_init_stdio_1                    0x0800017d   Thumb Code     0  libinit2.o(.ARM.Collect$$libinit$$00000025)
    __rt_lib_shutdown                        0x0800017f   Thumb Code     0  libshutdown.o(.ARM.Collect$$libshutdown$$00000000)
    __rt_lib_shutdown_cpp_1                  0x08000181   Thumb Code     0  libshutdown2.o(.ARM.Collect$$libshutdown$$00000002)
    __rt_lib_shutdown_fp_trap_1              0x08000181   Thumb Code     0  libshutdown2.o(.ARM.Collect$$libshutdown$$00000007)
    __rt_lib_shutdown_heap_1                 0x08000181   Thumb Code     0  libshutdown2.o(.ARM.Collect$$libshutdown$$0000000F)
    __rt_lib_shutdown_return                 0x08000181   Thumb Code     0  libshutdown2.o(.ARM.Collect$$libshutdown$$00000010)
    __rt_lib_shutdown_signal_1               0x08000181   Thumb Code     0  libshutdown2.o(.ARM.Collect$$libshutdown$$0000000A)
    __rt_lib_shutdown_stdio_1                0x08000181   Thumb Code     0  libshutdown2.o(.ARM.Collect$$libshutdown$$00000004)
    __rt_lib_shutdown_user_alloc_1           0x08000181   Thumb Code     0  libshutdown2.o(.ARM.Collect$$libshutdown$$0000000C)
    __rt_entry                               0x08000183   Thumb Code     0  __rtentry.o(.ARM.Collect$$rtentry$$00000000)
    __rt_entry_presh_1                       0x08000183   Thumb Code     0  __rtentry2.o(.ARM.Collect$$rtentry$$00000002)
    __rt_entry_sh                            0x08000183   Thumb Code     0  __rtentry4.o(.ARM.Collect$$rtentry$$00000004)
    __rt_entry_li                            0x08000189   Thumb Code     0  __rtentry2.o(.ARM.Collect$$rtentry$$0000000A)
    __rt_entry_postsh_1                      0x08000189   Thumb Code     0  __rtentry2.o(.ARM.Collect$$rtentry$$00000009)
    __rt_entry_main                          0x0800018d   Thumb Code     0  __rtentry2.o(.ARM.Collect$$rtentry$$0000000D)
    __rt_entry_postli_1                      0x0800018d   Thumb Code     0  __rtentry2.o(.ARM.Collect$$rtentry$$0000000C)
    __rt_exit                                0x08000195   Thumb Code     0  rtexit.o(.ARM.Collect$$rtexit$$00000000)
    __rt_exit_ls                             0x08000197   Thumb Code     0  rtexit2.o(.ARM.Collect$$rtexit$$00000003)
    __rt_exit_prels_1                        0x08000197   Thumb Code     0  rtexit2.o(.ARM.Collect$$rtexit$$00000002)
    __rt_exit_exit                           0x0800019b   Thumb Code     0  rtexit2.o(.ARM.Collect$$rtexit$$00000004)
    Reset_Handler                            0x080001a1   Thumb Code     8  startup_stm32f103xb.o(.text)
    ADC1_2_IRQHandler                        0x080001bb   Thumb Code     0  startup_stm32f103xb.o(.text)
    CAN1_RX1_IRQHandler                      0x080001bb   Thumb Code     0  startup_stm32f103xb.o(.text)
    CAN1_SCE_IRQHandler                      0x080001bb   Thumb Code     0  startup_stm32f103xb.o(.text)
    DMA1_Channel1_IRQHandler                 0x080001bb   Thumb Code     0  startup_stm32f103xb.o(.text)
    DMA1_Channel2_IRQHandler                 0x080001bb   Thumb Code     0  startup_stm32f103xb.o(.text)
    DMA1_Channel3_IRQHandler                 0x080001bb   Thumb Code     0  startup_stm32f103xb.o(.text)
    DMA1_Channel4_IRQHandler                 0x080001bb   Thumb Code     0  startup_stm32f103xb.o(.text)
    DMA1_Channel5_IRQHandler                 0x080001bb   Thumb Code     0  startup_stm32f103xb.o(.text)
    DMA1_Channel6_IRQHandler                 0x080001bb   Thumb Code     0  startup_stm32f103xb.o(.text)
    DMA1_Channel7_IRQHandler                 0x080001bb   Thumb Code     0  startup_stm32f103xb.o(.text)
    EXTI0_IRQHandler                         0x080001bb   Thumb Code     0  startup_stm32f103xb.o(.text)
    EXTI15_10_IRQHandler                     0x080001bb   Thumb Code     0  startup_stm32f103xb.o(.text)
    EXTI1_IRQHandler                         0x080001bb   Thumb Code     0  startup_stm32f103xb.o(.text)
    EXTI2_IRQHandler                         0x080001bb   Thumb Code     0  startup_stm32f103xb.o(.text)
    EXTI3_IRQHandler                         0x080001bb   Thumb Code     0  startup_stm32f103xb.o(.text)
    EXTI4_IRQHandler                         0x080001bb   Thumb Code     0  startup_stm32f103xb.o(.text)
    EXTI9_5_IRQHandler                       0x080001bb   Thumb Code     0  startup_stm32f103xb.o(.text)
    FLASH_IRQHandler                         0x080001bb   Thumb Code     0  startup_stm32f103xb.o(.text)
    I2C1_ER_IRQHandler                       0x080001bb   Thumb Code     0  startup_stm32f103xb.o(.text)
    I2C1_EV_IRQHandler                       0x080001bb   Thumb Code     0  startup_stm32f103xb.o(.text)
    I2C2_ER_IRQHandler                       0x080001bb   Thumb Code     0  startup_stm32f103xb.o(.text)
    I2C2_EV_IRQHandler                       0x080001bb   Thumb Code     0  startup_stm32f103xb.o(.text)
    PVD_IRQHandler                           0x080001bb   Thumb Code     0  startup_stm32f103xb.o(.text)
    RCC_IRQHandler                           0x080001bb   Thumb Code     0  startup_stm32f103xb.o(.text)
    RTC_Alarm_IRQHandler                     0x080001bb   Thumb Code     0  startup_stm32f103xb.o(.text)
    RTC_IRQHandler                           0x080001bb   Thumb Code     0  startup_stm32f103xb.o(.text)
    SPI1_IRQHandler                          0x080001bb   Thumb Code     0  startup_stm32f103xb.o(.text)
    SPI2_IRQHandler                          0x080001bb   Thumb Code     0  startup_stm32f103xb.o(.text)
    TAMPER_IRQHandler                        0x080001bb   Thumb Code     0  startup_stm32f103xb.o(.text)
    TIM1_BRK_IRQHandler                      0x080001bb   Thumb Code     0  startup_stm32f103xb.o(.text)
    TIM1_CC_IRQHandler                       0x080001bb   Thumb Code     0  startup_stm32f103xb.o(.text)
    TIM1_TRG_COM_IRQHandler                  0x080001bb   Thumb Code     0  startup_stm32f103xb.o(.text)
    TIM1_UP_IRQHandler                       0x080001bb   Thumb Code     0  startup_stm32f103xb.o(.text)
    TIM2_IRQHandler                          0x080001bb   Thumb Code     0  startup_stm32f103xb.o(.text)
    TIM3_IRQHandler                          0x080001bb   Thumb Code     0  startup_stm32f103xb.o(.text)
    TIM4_IRQHandler                          0x080001bb   Thumb Code     0  startup_stm32f103xb.o(.text)
    USART1_IRQHandler                        0x080001bb   Thumb Code     0  startup_stm32f103xb.o(.text)
    USART2_IRQHandler                        0x080001bb   Thumb Code     0  startup_stm32f103xb.o(.text)
    USART3_IRQHandler                        0x080001bb   Thumb Code     0  startup_stm32f103xb.o(.text)
    USBWakeUp_IRQHandler                     0x080001bb   Thumb Code     0  startup_stm32f103xb.o(.text)
    USB_HP_CAN1_TX_IRQHandler                0x080001bb   Thumb Code     0  startup_stm32f103xb.o(.text)
    USB_LP_CAN1_RX0_IRQHandler               0x080001bb   Thumb Code     0  startup_stm32f103xb.o(.text)
    WWDG_IRQHandler                          0x080001bb   Thumb Code     0  startup_stm32f103xb.o(.text)
    __user_initial_stackheap                 0x080001bd   Thumb Code     0  startup_stm32f103xb.o(.text)
    __2sprintf                               0x080001e1   Thumb Code    34  noretval__2sprintf.o(.text)
    __printf                                 0x08000209   Thumb Code   270  __printf_wp.o(.text)
    __aeabi_memclr                           0x08000317   Thumb Code     0  rt_memclr.o(.text)
    __rt_memclr                              0x08000317   Thumb Code    68  rt_memclr.o(.text)
    _memset                                  0x0800031b   Thumb Code     0  rt_memclr.o(.text)
    __aeabi_memclr4                          0x0800035b   Thumb Code     0  rt_memclr_w.o(.text)
    __aeabi_memclr8                          0x0800035b   Thumb Code     0  rt_memclr_w.o(.text)
    __rt_memclr_w                            0x0800035b   Thumb Code    78  rt_memclr_w.o(.text)
    _memset_w                                0x0800035f   Thumb Code     0  rt_memclr_w.o(.text)
    __use_two_region_memory                  0x080003a9   Thumb Code     2  heapauxi.o(.text)
    __rt_heap_escrow                         0x080003ab   Thumb Code     2  heapauxi.o(.text)
    __rt_heap_expand                         0x080003ad   Thumb Code     2  heapauxi.o(.text)
    __lib_sel_fp_printf                      0x080003af   Thumb Code     2  _printf_fp_dec.o(.text)
    _printf_fp_dec_real                      0x08000561   Thumb Code   620  _printf_fp_dec.o(.text)
    _printf_char_common                      0x080007d7   Thumb Code    32  _printf_char_common.o(.text)
    _sputc                                   0x080007fd   Thumb Code    10  _sputc.o(.text)
    __rt_locale                              0x08000809   Thumb Code     8  rt_locale_intlibspace.o(.text)
    _ll_udiv10                               0x08000811   Thumb Code   138  lludiv10.o(.text)
    _printf_fp_infnan                        0x0800089d   Thumb Code   112  _printf_fp_infnan.o(.text)
    _btod_etento                             0x0800091d   Thumb Code   224  bigflt0.o(.text)
    __user_libspace                          0x08000a01   Thumb Code     8  libspace.o(.text)
    __user_perproc_libspace                  0x08000a01   Thumb Code     0  libspace.o(.text)
    __user_perthread_libspace                0x08000a01   Thumb Code     0  libspace.o(.text)
    __user_setup_stackheap                   0x08000a09   Thumb Code    74  sys_stackheap_outer.o(.text)
    exit                                     0x08000a53   Thumb Code    18  exit.o(.text)
    strcmp                                   0x08000a65   Thumb Code   128  strcmpv7m.o(.text)
    __I$use$semihosting                      0x08000ae5   Thumb Code     0  use_no_semi.o(.text)
    __use_no_semihosting_swi                 0x08000ae5   Thumb Code     2  use_no_semi.o(.text)
    __semihosting_library_function           0x08000ae7   Thumb Code     0  indicate_semi.o(.text)
    _sys_exit                                0x08000ae9   Thumb Code     8  sys_exit.o(.text)
    _btod_d2e                                0x08000af5   Thumb Code    62  btod.o(CL$$btod_d2e)
    _d2e_denorm_low                          0x08000b33   Thumb Code    70  btod.o(CL$$btod_d2e_denorm_low)
    _d2e_norm_op1                            0x08000b79   Thumb Code    96  btod.o(CL$$btod_d2e_norm_op1)
    __btod_div_common                        0x08000bd9   Thumb Code   696  btod.o(CL$$btod_div_common)
    _e2e                                     0x08000f11   Thumb Code   220  btod.o(CL$$btod_e2e)
    _btod_ediv                               0x08000fed   Thumb Code    42  btod.o(CL$$btod_ediv)
    _btod_emul                               0x08001017   Thumb Code    42  btod.o(CL$$btod_emul)
    __btod_mult_common                       0x08001041   Thumb Code   580  btod.o(CL$$btod_mult_common)
    AHT20_Init                               0x08001285   Thumb Code   118  aht20-21_demo_v1_3.o(i.AHT20_Init)
    AHT20_RD_Byte                            0x080012fd   Thumb Code    90  aht20-21_demo_v1_3.o(i.AHT20_RD_Byte)
    AHT20_Read_CTdata                        0x0800135d   Thumb Code   222  aht20-21_demo_v1_3.o(i.AHT20_Read_CTdata)
    AHT20_Read_Status                        0x0800143b   Thumb Code    34  aht20-21_demo_v1_3.o(i.AHT20_Read_Status)
    AHT20_SendAC                             0x0800145d   Thumb Code    54  aht20-21_demo_v1_3.o(i.AHT20_SendAC)
    AHT20_WR_Byte                            0x08001493   Thumb Code    74  aht20-21_demo_v1_3.o(i.AHT20_WR_Byte)
    BusFault_Handler                         0x080014dd   Thumb Code     2  stm32f1xx_it.o(i.BusFault_Handler)
    DebugMon_Handler                         0x080014df   Thumb Code     2  stm32f1xx_it.o(i.DebugMon_Handler)
    Delay_1ms                                0x080014e1   Thumb Code    22  aht20-21_demo_v1_3.o(i.Delay_1ms)
    Delay_4us                                0x080014f7   Thumb Code    30  aht20-21_demo_v1_3.o(i.Delay_4us)
    Delay_5us                                0x08001515   Thumb Code    36  aht20-21_demo_v1_3.o(i.Delay_5us)
    Delay_N10us                              0x08001539   Thumb Code     6  aht20-21_demo_v1_3.o(i.Delay_N10us)
    Error_Handler                            0x0800153f   Thumb Code     4  main.o(i.Error_Handler)
    HAL_Delay                                0x08001545   Thumb Code    32  stm32f1xx_hal.o(i.HAL_Delay)
    HAL_GPIO_Init                            0x08001569   Thumb Code   446  stm32f1xx_hal_gpio.o(i.HAL_GPIO_Init)
    HAL_GPIO_ReadPin                         0x08001749   Thumb Code    10  stm32f1xx_hal_gpio.o(i.HAL_GPIO_ReadPin)
    HAL_GPIO_WritePin                        0x08001753   Thumb Code    10  stm32f1xx_hal_gpio.o(i.HAL_GPIO_WritePin)
    HAL_GetTick                              0x0800175d   Thumb Code     6  stm32f1xx_hal.o(i.HAL_GetTick)
    HAL_I2C_Init                             0x08001769   Thumb Code   376  stm32f1xx_hal_i2c.o(i.HAL_I2C_Init)
    HAL_I2C_Master_Transmit                  0x080018f1   Thumb Code   290  stm32f1xx_hal_i2c.o(i.HAL_I2C_Master_Transmit)
    HAL_I2C_MspInit                          0x08001a1d   Thumb Code   134  i2c.o(i.HAL_I2C_MspInit)
    HAL_IncTick                              0x08001ab5   Thumb Code    12  stm32f1xx_hal.o(i.HAL_IncTick)
    HAL_Init                                 0x08001ac5   Thumb Code    32  stm32f1xx_hal.o(i.HAL_Init)
    HAL_InitTick                             0x08001ae9   Thumb Code    54  stm32f1xx_hal.o(i.HAL_InitTick)
    HAL_MspInit                              0x08001b29   Thumb Code    52  stm32f1xx_hal_msp.o(i.HAL_MspInit)
    HAL_NVIC_SetPriority                     0x08001b65   Thumb Code    60  stm32f1xx_hal_cortex.o(i.HAL_NVIC_SetPriority)
    HAL_NVIC_SetPriorityGrouping             0x08001ba5   Thumb Code    26  stm32f1xx_hal_cortex.o(i.HAL_NVIC_SetPriorityGrouping)
    HAL_RCC_ClockConfig                      0x08001bc9   Thumb Code   280  stm32f1xx_hal_rcc.o(i.HAL_RCC_ClockConfig)
    HAL_RCC_GetPCLK1Freq                     0x08001cf5   Thumb Code    20  stm32f1xx_hal_rcc.o(i.HAL_RCC_GetPCLK1Freq)
    HAL_RCC_GetPCLK2Freq                     0x08001d15   Thumb Code    20  stm32f1xx_hal_rcc.o(i.HAL_RCC_GetPCLK2Freq)
    HAL_RCC_GetSysClockFreq                  0x08001d35   Thumb Code    58  stm32f1xx_hal_rcc.o(i.HAL_RCC_GetSysClockFreq)
    HAL_RCC_OscConfig                        0x08001d81   Thumb Code   778  stm32f1xx_hal_rcc.o(i.HAL_RCC_OscConfig)
    HAL_SYSTICK_Config                       0x080020a1   Thumb Code    40  stm32f1xx_hal_cortex.o(i.HAL_SYSTICK_Config)
    HAL_TIMEx_MasterConfigSynchronization    0x080020c9   Thumb Code    92  stm32f1xx_hal_tim_ex.o(i.HAL_TIMEx_MasterConfigSynchronization)
    HAL_TIM_Base_Init                        0x08002131   Thumb Code    90  stm32f1xx_hal_tim.o(i.HAL_TIM_Base_Init)
    HAL_TIM_Base_MspInit                     0x0800218d   Thumb Code    30  tim.o(i.HAL_TIM_Base_MspInit)
    HAL_TIM_ConfigClockSource                0x080021b5   Thumb Code   220  stm32f1xx_hal_tim.o(i.HAL_TIM_ConfigClockSource)
    HAL_UART_Init                            0x08002291   Thumb Code   100  stm32f1xx_hal_uart.o(i.HAL_UART_Init)
    HAL_UART_MspInit                         0x080022f5   Thumb Code   100  usart.o(i.HAL_UART_MspInit)
    HardFault_Handler                        0x08002365   Thumb Code     2  stm32f1xx_it.o(i.HardFault_Handler)
    I2C_Start                                0x08002431   Thumb Code    46  aht20-21_demo_v1_3.o(i.I2C_Start)
    Init_I2C_Sensor_Port                     0x08002659   Thumb Code    68  aht20-21_demo_v1_3.o(i.Init_I2C_Sensor_Port)
    MX_GPIO_Init                             0x080026a1   Thumb Code    54  gpio.o(i.MX_GPIO_Init)
    MX_I2C1_Init                             0x080026dd   Thumb Code    50  i2c.o(i.MX_I2C1_Init)
    MX_I2C2_Init                             0x0800271d   Thumb Code    50  i2c.o(i.MX_I2C2_Init)
    MX_TIM1_Init                             0x0800275d   Thumb Code    96  tim.o(i.MX_TIM1_Init)
    MX_USART1_UART_Init                      0x080027c5   Thumb Code    48  usart.o(i.MX_USART1_UART_Init)
    MemManage_Handler                        0x080027fd   Thumb Code     2  stm32f1xx_it.o(i.MemManage_Handler)
    NMI_Handler                              0x080027ff   Thumb Code     2  stm32f1xx_it.o(i.NMI_Handler)
    PendSV_Handler                           0x08002801   Thumb Code     2  stm32f1xx_it.o(i.PendSV_Handler)
    Receive_ACK                              0x08002805   Thumb Code    72  aht20-21_demo_v1_3.o(i.Receive_ACK)
    SCL_Pin_Output_High                      0x08002851   Thumb Code    10  aht20-21_demo_v1_3.o(i.SCL_Pin_Output_High)
    SCL_Pin_Output_Low                       0x08002861   Thumb Code    10  aht20-21_demo_v1_3.o(i.SCL_Pin_Output_Low)
    SDA_Pin_IN_FLOATING                      0x08002871   Thumb Code    24  aht20-21_demo_v1_3.o(i.SDA_Pin_IN_FLOATING)
    SDA_Pin_Output_High                      0x0800288d   Thumb Code    36  aht20-21_demo_v1_3.o(i.SDA_Pin_Output_High)
    SDA_Pin_Output_Low                       0x080028b5   Thumb Code    36  aht20-21_demo_v1_3.o(i.SDA_Pin_Output_Low)
    SVC_Handler                              0x080028dd   Thumb Code     2  stm32f1xx_it.o(i.SVC_Handler)
    Send_ACK                                 0x080028df   Thumb Code    56  aht20-21_demo_v1_3.o(i.Send_ACK)
    Send_NOT_ACK                             0x08002917   Thumb Code    56  aht20-21_demo_v1_3.o(i.Send_NOT_ACK)
    SensorDelay_us                           0x0800294f   Thumb Code    20  aht20-21_demo_v1_3.o(i.SensorDelay_us)
    Stop_I2C                                 0x08002963   Thumb Code    36  aht20-21_demo_v1_3.o(i.Stop_I2C)
    SysTick_Handler                          0x08002987   Thumb Code     4  stm32f1xx_it.o(i.SysTick_Handler)
    SystemClock_Config                       0x0800298b   Thumb Code    94  main.o(i.SystemClock_Config)
    SystemInit                               0x080029e9   Thumb Code     2  system_stm32f1xx.o(i.SystemInit)
    TIM_Base_SetConfig                       0x080029ed   Thumb Code   108  stm32f1xx_hal_tim.o(i.TIM_Base_SetConfig)
    TIM_ETR_SetConfig                        0x08002a65   Thumb Code    20  stm32f1xx_hal_tim.o(i.TIM_ETR_SetConfig)
    Tims_delay_us                            0x08002ad1   Thumb Code    54  tim.o(i.Tims_delay_us)
    UsageFault_Handler                       0x08002bc5   Thumb Code     2  stm32f1xx_it.o(i.UsageFault_Handler)
    __ARM_fpclassify                         0x08002bc7   Thumb Code    40  fpclassify.o(i.__ARM_fpclassify)
    _is_digit                                0x08002c0f   Thumb Code    14  __printf_wp.o(i._is_digit)
    main                                     0x08002c1d   Thumb Code   118  main.o(i.main)
    oled_write                               0x08002c95   Thumb Code   234  main.o(i.oled_write)
    oled_write_init                          0x08002d99   Thumb Code   240  main.o(i.oled_write_init)
    u8g2Init                                 0x08002e95   Thumb Code    38  stm32_u8g2.o(i.u8g2Init)
    u8g2_ClearBuffer                         0x08002ec9   Thumb Code    18  u8g2_buffer.o(i.u8g2_ClearBuffer)
    u8g2_DrawGlyph                           0x08002edb   Thumb Code   112  u8g2_font.o(i.u8g2_DrawGlyph)
    u8g2_DrawHVLine                          0x08002f4d   Thumb Code   172  u8g2_hvline.o(i.u8g2_DrawHVLine)
    u8g2_DrawHXBMP                           0x08002ff9   Thumb Code   148  u8g2_bitmap.o(i.u8g2_DrawHXBMP)
    u8g2_DrawStr                             0x0800308d   Thumb Code    12  u8g2_font.o(i.u8g2_DrawStr)
    u8g2_DrawUTF8                            0x0800309d   Thumb Code    12  u8g2_font.o(i.u8g2_DrawUTF8)
    u8g2_DrawXBMP                            0x080030ad   Thumb Code    76  u8g2_bitmap.o(i.u8g2_DrawXBMP)
    u8g2_IsIntersection                      0x080030f9   Thumb Code    48  u8g2_intersection.o(i.u8g2_IsIntersection)
    u8g2_SendBuffer                          0x08003129   Thumb Code    18  u8g2_buffer.o(i.u8g2_SendBuffer)
    u8g2_SetFont                             0x0800313b   Thumb Code    32  u8g2_font.o(i.u8g2_SetFont)
    u8g2_SetFontPosBaseline                  0x0800315d   Thumb Code     6  u8g2_font.o(i.u8g2_SetFontPosBaseline)
    u8g2_SetMaxClipWindow                    0x08003169   Thumb Code    28  u8g2_setup.o(i.u8g2_SetMaxClipWindow)
    u8g2_SetupBuffer                         0x08003185   Thumb Code    66  u8g2_setup.o(i.u8g2_SetupBuffer)
    u8g2_Setup_ssd1306_i2c_128x64_noname_f   0x080031c9   Thumb Code    42  u8g2_d_setup.o(i.u8g2_Setup_ssd1306_i2c_128x64_noname_f)
    u8g2_UpdateRefHeight                     0x08003201   Thumb Code    82  u8g2_font.o(i.u8g2_UpdateRefHeight)
    u8g2_add_vector_x                        0x08003253   Thumb Code    28  u8g2_font.o(i.u8g2_add_vector_x)
    u8g2_add_vector_y                        0x0800326f   Thumb Code    28  u8g2_font.o(i.u8g2_add_vector_y)
    u8g2_draw_hv_line_2dir                   0x08003335   Thumb Code    18  u8g2_hvline.o(i.u8g2_draw_hv_line_2dir)
    u8g2_draw_l90_r0                         0x08003347   Thumb Code    12  u8g2_setup.o(i.u8g2_draw_l90_r0)
    u8g2_font_calc_vref_font                 0x080033c9   Thumb Code     4  u8g2_font.o(i.u8g2_font_calc_vref_font)
    u8g2_font_decode_get_signed_bits         0x080033cd   Thumb Code    20  u8g2_font.o(i.u8g2_font_decode_get_signed_bits)
    u8g2_font_decode_get_unsigned_bits       0x080033e1   Thumb Code    52  u8g2_font.o(i.u8g2_font_decode_get_unsigned_bits)
    u8g2_font_decode_glyph                   0x08003415   Thumb Code   276  u8g2_font.o(i.u8g2_font_decode_glyph)
    u8g2_font_decode_len                     0x08003529   Thumb Code   140  u8g2_font.o(i.u8g2_font_decode_len)
    u8g2_font_get_glyph_data                 0x080035b5   Thumb Code   114  u8g2_font.o(i.u8g2_font_get_glyph_data)
    u8g2_is_intersection_decision_tree       0x0800366f   Thumb Code    24  u8g2_intersection.o(i.u8g2_is_intersection_decision_tree)
    u8g2_ll_hvline_vertical_top_lsb          0x08003689   Thumb Code   144  u8g2_ll_hvline.o(i.u8g2_ll_hvline_vertical_top_lsb)
    u8g2_m_16_8_f                            0x08003719   Thumb Code     8  u8g2_d_memory.o(i.u8g2_m_16_8_f)
    u8g2_read_font_info                      0x08003725   Thumb Code   106  u8g2_font.o(i.u8g2_read_font_info)
    u8g2_update_dimension_r0                 0x08003823   Thumb Code     4  u8g2_setup.o(i.u8g2_update_dimension_r0)
    u8g2_update_page_win_r0                  0x08003827   Thumb Code    34  u8g2_setup.o(i.u8g2_update_page_win_r0)
    u8x8_DrawTile                            0x08003849   Thumb Code    30  u8x8_display.o(i.u8x8_DrawTile)
    u8x8_InitDisplay                         0x08003867   Thumb Code    16  u8x8_display.o(i.u8x8_InitDisplay)
    u8x8_RefreshDisplay                      0x08003877   Thumb Code    16  u8x8_display.o(i.u8x8_RefreshDisplay)
    u8x8_SetPowerSave                        0x08003887   Thumb Code    16  u8x8_display.o(i.u8x8_SetPowerSave)
    u8x8_Setup                               0x08003897   Thumb Code    34  u8x8_setup.o(i.u8x8_Setup)
    u8x8_SetupDefaults                       0x080038b9   Thumb Code    32  u8x8_setup.o(i.u8x8_SetupDefaults)
    u8x8_SetupMemory                         0x080038dd   Thumb Code    16  u8x8_display.o(i.u8x8_SetupMemory)
    u8x8_ascii_next                          0x080038ed   Thumb Code    14  u8x8_8x8.o(i.u8x8_ascii_next)
    u8x8_byte_EndTransfer                    0x080038fb   Thumb Code    16  u8x8_byte.o(i.u8x8_byte_EndTransfer)
    u8x8_byte_SendByte                       0x0800390b   Thumb Code    14  u8x8_byte.o(i.u8x8_byte_SendByte)
    u8x8_byte_StartTransfer                  0x08003919   Thumb Code    16  u8x8_byte.o(i.u8x8_byte_StartTransfer)
    u8x8_byte_hw_i2c                         0x08003929   Thumb Code    98  stm32_u8g2.o(i.u8x8_byte_hw_i2c)
    u8x8_cad_EndTransfer                     0x08003999   Thumb Code    16  u8x8_cad.o(i.u8x8_cad_EndTransfer)
    u8x8_cad_SendArg                         0x080039a9   Thumb Code    16  u8x8_cad.o(i.u8x8_cad_SendArg)
    u8x8_cad_SendCmd                         0x080039b9   Thumb Code    16  u8x8_cad.o(i.u8x8_cad_SendCmd)
    u8x8_cad_SendData                        0x080039c9   Thumb Code    16  u8x8_cad.o(i.u8x8_cad_SendData)
    u8x8_cad_SendSequence                    0x080039d9   Thumb Code   104  u8x8_cad.o(i.u8x8_cad_SendSequence)
    u8x8_cad_StartTransfer                   0x08003a41   Thumb Code    16  u8x8_cad.o(i.u8x8_cad_StartTransfer)
    u8x8_cad_ssd13xx_fast_i2c                0x08003a51   Thumb Code   182  u8x8_cad.o(i.u8x8_cad_ssd13xx_fast_i2c)
    u8x8_d_helper_display_init               0x08003b0d   Thumb Code    96  u8x8_display.o(i.u8x8_d_helper_display_init)
    u8x8_d_helper_display_setup_memory       0x08003b6d   Thumb Code    10  u8x8_display.o(i.u8x8_d_helper_display_setup_memory)
    u8x8_d_ssd1306_128x64_noname             0x08003b79   Thumb Code    52  u8x8_d_ssd1306_128x64_noname.o(i.u8x8_d_ssd1306_128x64_noname)
    u8x8_dummy_cb                            0x08003c7d   Thumb Code     4  u8x8_setup.o(i.u8x8_dummy_cb)
    u8x8_gpio_and_delay                      0x08003c81   Thumb Code   106  stm32_u8g2.o(i.u8x8_gpio_and_delay)
    u8x8_gpio_call                           0x08003ceb   Thumb Code    12  u8x8_gpio.o(i.u8x8_gpio_call)
    u8x8_utf8_init                           0x08003d23   Thumb Code     8  u8x8_8x8.o(i.u8x8_utf8_init)
    u8x8_utf8_next                           0x08003d2b   Thumb Code   144  u8x8_8x8.o(i.u8x8_utf8_next)
    _get_lc_numeric                          0x08003dbd   Thumb Code    44  lc_numeric_c.o(locale$$code)
    __aeabi_ddiv                             0x08003de9   Thumb Code     0  ddiv.o(x$fpl$ddiv)
    _ddiv                                    0x08003de9   Thumb Code   552  ddiv.o(x$fpl$ddiv)
    __aeabi_i2d                              0x08004099   Thumb Code     0  dflt_clz.o(x$fpl$dflt)
    _dflt                                    0x08004099   Thumb Code    46  dflt_clz.o(x$fpl$dflt)
    __fpl_dnaninf                            0x080040c7   Thumb Code   156  dnaninf.o(x$fpl$dnaninf)
    __fpl_dretinf                            0x08004163   Thumb Code    12  dretinf.o(x$fpl$dretinf)
    _printf_fp_dec                           0x0800416f   Thumb Code     4  printf1.o(x$fpl$printf1)
    __I$use$fp                               0x08004172   Number         0  usenofp.o(x$fpl$usenofp)
    AHBPrescTable                            0x08004244   Data          16  system_stm32f1xx.o(.constdata)
    APBPrescTable                            0x08004254   Data           8  system_stm32f1xx.o(.constdata)
    u8g2_font_ncenB12_tf                     0x0800425c   Data        3953  u8g2_fonts.o(.constdata)
    u8g2_cb_r0                               0x080051d0   Data          12  u8g2_setup.o(.constdata)
    Region$$Table$$Base                      0x080053c8   Number         0  anon$$obj.o(Region$$Table)
    Region$$Table$$Limit                     0x080053e8   Number         0  anon$$obj.o(Region$$Table)
    uwTickFreq                               0x20000000   Data           1  stm32f1xx_hal.o(.data)
    uwTickPrio                               0x20000004   Data           4  stm32f1xx_hal.o(.data)
    uwTick                                   0x20000008   Data           4  stm32f1xx_hal.o(.data)
    SystemCoreClock                          0x2000000c   Data           4  system_stm32f1xx.o(.data)
    hi2c1                                    0x20000018   Data          84  i2c.o(.bss)
    hi2c2                                    0x2000006c   Data          84  i2c.o(.bss)
    htim1                                    0x200000c0   Data          72  tim.o(.bss)
    huart1                                   0x20000108   Data          72  usart.o(.bss)
    __libspace_start                         0x200005d0   Data          96  libspace.o(.bss)
    __temporary_stack_top$libspace           0x20000630   Data           0  libspace.o(.bss)



==============================================================================

Memory Map of the image

  Image Entry point : 0x080000ed

  Load Region LR_IROM1 (Base: 0x08000000, Size: 0x0000541c, Max: 0x00010000, ABSOLUTE)

    Execution Region ER_IROM1 (Exec base: 0x08000000, Load base: 0x08000000, Size: 0x00005404, Max: 0x00010000, ABSOLUTE)

    Exec Addr    Load Addr    Size         Type   Attr      Idx    E Section Name        Object

    0x08000000   0x08000000   0x000000ec   Data   RO            3    RESET               startup_stm32f103xb.o
    0x080000ec   0x080000ec   0x00000008   Code   RO        10293  * !!!main             c_w.l(__main.o)
    0x080000f4   0x080000f4   0x00000034   Code   RO        10712    !!!scatter          c_w.l(__scatter.o)
    0x08000128   0x08000128   0x0000001a   Code   RO        10714    !!handler_copy      c_w.l(__scatter_copy.o)
    0x08000142   0x08000142   0x00000002   PAD
    0x08000144   0x08000144   0x0000001c   Code   RO        10716    !!handler_zi        c_w.l(__scatter_zi.o)
    0x08000160   0x08000160   0x00000000   Code   RO        10286    .ARM.Collect$$_printf_percent$$00000000  c_w.l(_printf_percent.o)
    0x08000160   0x08000160   0x00000006   Code   RO        10285    .ARM.Collect$$_printf_percent$$00000003  c_w.l(_printf_f.o)
    0x08000166   0x08000166   0x00000004   Code   RO        10324    .ARM.Collect$$_printf_percent$$00000017  c_w.l(_printf_percent_end.o)
    0x0800016a   0x0800016a   0x00000002   Code   RO        10502    .ARM.Collect$$libinit$$00000000  c_w.l(libinit.o)
    0x0800016c   0x0800016c   0x00000000   Code   RO        10504    .ARM.Collect$$libinit$$00000002  c_w.l(libinit2.o)
    0x0800016c   0x0800016c   0x00000000   Code   RO        10506    .ARM.Collect$$libinit$$00000004  c_w.l(libinit2.o)
    0x0800016c   0x0800016c   0x00000000   Code   RO        10509    .ARM.Collect$$libinit$$0000000A  c_w.l(libinit2.o)
    0x0800016c   0x0800016c   0x00000000   Code   RO        10511    .ARM.Collect$$libinit$$0000000C  c_w.l(libinit2.o)
    0x0800016c   0x0800016c   0x00000000   Code   RO        10513    .ARM.Collect$$libinit$$0000000E  c_w.l(libinit2.o)
    0x0800016c   0x0800016c   0x00000006   Code   RO        10514    .ARM.Collect$$libinit$$0000000F  c_w.l(libinit2.o)
    0x08000172   0x08000172   0x00000000   Code   RO        10516    .ARM.Collect$$libinit$$00000011  c_w.l(libinit2.o)
    0x08000172   0x08000172   0x00000000   Code   RO        10518    .ARM.Collect$$libinit$$00000013  c_w.l(libinit2.o)
    0x08000172   0x08000172   0x00000000   Code   RO        10520    .ARM.Collect$$libinit$$00000015  c_w.l(libinit2.o)
    0x08000172   0x08000172   0x0000000a   Code   RO        10521    .ARM.Collect$$libinit$$00000016  c_w.l(libinit2.o)
    0x0800017c   0x0800017c   0x00000000   Code   RO        10522    .ARM.Collect$$libinit$$00000017  c_w.l(libinit2.o)
    0x0800017c   0x0800017c   0x00000000   Code   RO        10524    .ARM.Collect$$libinit$$00000019  c_w.l(libinit2.o)
    0x0800017c   0x0800017c   0x00000000   Code   RO        10526    .ARM.Collect$$libinit$$0000001B  c_w.l(libinit2.o)
    0x0800017c   0x0800017c   0x00000000   Code   RO        10528    .ARM.Collect$$libinit$$0000001D  c_w.l(libinit2.o)
    0x0800017c   0x0800017c   0x00000000   Code   RO        10530    .ARM.Collect$$libinit$$0000001F  c_w.l(libinit2.o)
    0x0800017c   0x0800017c   0x00000000   Code   RO        10532    .ARM.Collect$$libinit$$00000021  c_w.l(libinit2.o)
    0x0800017c   0x0800017c   0x00000000   Code   RO        10534    .ARM.Collect$$libinit$$00000023  c_w.l(libinit2.o)
    0x0800017c   0x0800017c   0x00000000   Code   RO        10536    .ARM.Collect$$libinit$$00000025  c_w.l(libinit2.o)
    0x0800017c   0x0800017c   0x00000000   Code   RO        10540    .ARM.Collect$$libinit$$0000002C  c_w.l(libinit2.o)
    0x0800017c   0x0800017c   0x00000000   Code   RO        10542    .ARM.Collect$$libinit$$0000002E  c_w.l(libinit2.o)
    0x0800017c   0x0800017c   0x00000000   Code   RO        10544    .ARM.Collect$$libinit$$00000030  c_w.l(libinit2.o)
    0x0800017c   0x0800017c   0x00000000   Code   RO        10546    .ARM.Collect$$libinit$$00000032  c_w.l(libinit2.o)
    0x0800017c   0x0800017c   0x00000002   Code   RO        10547    .ARM.Collect$$libinit$$00000033  c_w.l(libinit2.o)
    0x0800017e   0x0800017e   0x00000002   Code   RO        10691    .ARM.Collect$$libshutdown$$00000000  c_w.l(libshutdown.o)
    0x08000180   0x08000180   0x00000000   Code   RO        10549    .ARM.Collect$$libshutdown$$00000002  c_w.l(libshutdown2.o)
    0x08000180   0x08000180   0x00000000   Code   RO        10551    .ARM.Collect$$libshutdown$$00000004  c_w.l(libshutdown2.o)
    0x08000180   0x08000180   0x00000000   Code   RO        10554    .ARM.Collect$$libshutdown$$00000007  c_w.l(libshutdown2.o)
    0x08000180   0x08000180   0x00000000   Code   RO        10557    .ARM.Collect$$libshutdown$$0000000A  c_w.l(libshutdown2.o)
    0x08000180   0x08000180   0x00000000   Code   RO        10559    .ARM.Collect$$libshutdown$$0000000C  c_w.l(libshutdown2.o)
    0x08000180   0x08000180   0x00000000   Code   RO        10562    .ARM.Collect$$libshutdown$$0000000F  c_w.l(libshutdown2.o)
    0x08000180   0x08000180   0x00000002   Code   RO        10563    .ARM.Collect$$libshutdown$$00000010  c_w.l(libshutdown2.o)
    0x08000182   0x08000182   0x00000000   Code   RO        10313    .ARM.Collect$$rtentry$$00000000  c_w.l(__rtentry.o)
    0x08000182   0x08000182   0x00000000   Code   RO        10337    .ARM.Collect$$rtentry$$00000002  c_w.l(__rtentry2.o)
    0x08000182   0x08000182   0x00000006   Code   RO        10349    .ARM.Collect$$rtentry$$00000004  c_w.l(__rtentry4.o)
    0x08000188   0x08000188   0x00000000   Code   RO        10339    .ARM.Collect$$rtentry$$00000009  c_w.l(__rtentry2.o)
    0x08000188   0x08000188   0x00000004   Code   RO        10340    .ARM.Collect$$rtentry$$0000000A  c_w.l(__rtentry2.o)
    0x0800018c   0x0800018c   0x00000000   Code   RO        10342    .ARM.Collect$$rtentry$$0000000C  c_w.l(__rtentry2.o)
    0x0800018c   0x0800018c   0x00000008   Code   RO        10343    .ARM.Collect$$rtentry$$0000000D  c_w.l(__rtentry2.o)
    0x08000194   0x08000194   0x00000002   Code   RO        10569    .ARM.Collect$$rtexit$$00000000  c_w.l(rtexit.o)
    0x08000196   0x08000196   0x00000000   Code   RO        10627    .ARM.Collect$$rtexit$$00000002  c_w.l(rtexit2.o)
    0x08000196   0x08000196   0x00000004   Code   RO        10628    .ARM.Collect$$rtexit$$00000003  c_w.l(rtexit2.o)
    0x0800019a   0x0800019a   0x00000006   Code   RO        10629    .ARM.Collect$$rtexit$$00000004  c_w.l(rtexit2.o)
    0x080001a0   0x080001a0   0x00000040   Code   RO            4    .text               startup_stm32f103xb.o
    0x080001e0   0x080001e0   0x00000028   Code   RO        10258    .text               c_w.l(noretval__2sprintf.o)
    0x08000208   0x08000208   0x0000010e   Code   RO        10272    .text               c_w.l(__printf_wp.o)
    0x08000316   0x08000316   0x00000044   Code   RO        10287    .text               c_w.l(rt_memclr.o)
    0x0800035a   0x0800035a   0x0000004e   Code   RO        10289    .text               c_w.l(rt_memclr_w.o)
    0x080003a8   0x080003a8   0x00000006   Code   RO        10291    .text               c_w.l(heapauxi.o)
    0x080003ae   0x080003ae   0x0000041e   Code   RO        10316    .text               c_w.l(_printf_fp_dec.o)
    0x080007cc   0x080007cc   0x00000030   Code   RO        10318    .text               c_w.l(_printf_char_common.o)
    0x080007fc   0x080007fc   0x0000000a   Code   RO        10320    .text               c_w.l(_sputc.o)
    0x08000806   0x08000806   0x00000002   PAD
    0x08000808   0x08000808   0x00000008   Code   RO        10354    .text               c_w.l(rt_locale_intlibspace.o)
    0x08000810   0x08000810   0x0000008a   Code   RO        10356    .text               c_w.l(lludiv10.o)
    0x0800089a   0x0800089a   0x00000002   PAD
    0x0800089c   0x0800089c   0x00000080   Code   RO        10358    .text               c_w.l(_printf_fp_infnan.o)
    0x0800091c   0x0800091c   0x000000e4   Code   RO        10362    .text               c_w.l(bigflt0.o)
    0x08000a00   0x08000a00   0x00000008   Code   RO        10413    .text               c_w.l(libspace.o)
    0x08000a08   0x08000a08   0x0000004a   Code   RO        10418    .text               c_w.l(sys_stackheap_outer.o)
    0x08000a52   0x08000a52   0x00000012   Code   RO        10489    .text               c_w.l(exit.o)
    0x08000a64   0x08000a64   0x00000080   Code   RO        10495    .text               c_w.l(strcmpv7m.o)
    0x08000ae4   0x08000ae4   0x00000002   Code   RO        10566    .text               c_w.l(use_no_semi.o)
    0x08000ae6   0x08000ae6   0x00000000   Code   RO        10568    .text               c_w.l(indicate_semi.o)
    0x08000ae6   0x08000ae6   0x00000002   PAD
    0x08000ae8   0x08000ae8   0x0000000c   Code   RO        10624    .text               c_w.l(sys_exit.o)
    0x08000af4   0x08000af4   0x0000003e   Code   RO        10365    CL$$btod_d2e        c_w.l(btod.o)
    0x08000b32   0x08000b32   0x00000046   Code   RO        10367    CL$$btod_d2e_denorm_low  c_w.l(btod.o)
    0x08000b78   0x08000b78   0x00000060   Code   RO        10366    CL$$btod_d2e_norm_op1  c_w.l(btod.o)
    0x08000bd8   0x08000bd8   0x00000338   Code   RO        10375    CL$$btod_div_common  c_w.l(btod.o)
    0x08000f10   0x08000f10   0x000000dc   Code   RO        10372    CL$$btod_e2e        c_w.l(btod.o)
    0x08000fec   0x08000fec   0x0000002a   Code   RO        10369    CL$$btod_ediv       c_w.l(btod.o)
    0x08001016   0x08001016   0x0000002a   Code   RO        10368    CL$$btod_emul       c_w.l(btod.o)
    0x08001040   0x08001040   0x00000244   Code   RO        10374    CL$$btod_mult_common  c_w.l(btod.o)
    0x08001284   0x08001284   0x00000076   Code   RO         9827    i.AHT20_Init        aht20-21_demo_v1_3.o
    0x080012fa   0x080012fa   0x00000002   PAD
    0x080012fc   0x080012fc   0x00000060   Code   RO         9828    i.AHT20_RD_Byte     aht20-21_demo_v1_3.o
    0x0800135c   0x0800135c   0x000000de   Code   RO         9829    i.AHT20_Read_CTdata  aht20-21_demo_v1_3.o
    0x0800143a   0x0800143a   0x00000022   Code   RO         9832    i.AHT20_Read_Status  aht20-21_demo_v1_3.o
    0x0800145c   0x0800145c   0x00000036   Code   RO         9833    i.AHT20_SendAC      aht20-21_demo_v1_3.o
    0x08001492   0x08001492   0x0000004a   Code   RO         9835    i.AHT20_WR_Byte     aht20-21_demo_v1_3.o
    0x080014dc   0x080014dc   0x00000002   Code   RO          348    i.BusFault_Handler  stm32f1xx_it.o
    0x080014de   0x080014de   0x00000002   Code   RO          349    i.DebugMon_Handler  stm32f1xx_it.o
    0x080014e0   0x080014e0   0x00000016   Code   RO         9837    i.Delay_1ms         aht20-21_demo_v1_3.o
    0x080014f6   0x080014f6   0x0000001e   Code   RO         9838    i.Delay_4us         aht20-21_demo_v1_3.o
    0x08001514   0x08001514   0x00000024   Code   RO         9839    i.Delay_5us         aht20-21_demo_v1_3.o
    0x08001538   0x08001538   0x00000006   Code   RO         9840    i.Delay_N10us       aht20-21_demo_v1_3.o
    0x0800153e   0x0800153e   0x00000004   Code   RO           13    i.Error_Handler     main.o
    0x08001542   0x08001542   0x00000002   PAD
    0x08001544   0x08001544   0x00000024   Code   RO          927    i.HAL_Delay         stm32f1xx_hal.o
    0x08001568   0x08001568   0x000001e0   Code   RO         1237    i.HAL_GPIO_Init     stm32f1xx_hal_gpio.o
    0x08001748   0x08001748   0x0000000a   Code   RO         1239    i.HAL_GPIO_ReadPin  stm32f1xx_hal_gpio.o
    0x08001752   0x08001752   0x0000000a   Code   RO         1241    i.HAL_GPIO_WritePin  stm32f1xx_hal_gpio.o
    0x0800175c   0x0800175c   0x0000000c   Code   RO          931    i.HAL_GetTick       stm32f1xx_hal.o
    0x08001768   0x08001768   0x00000188   Code   RO          494    i.HAL_I2C_Init      stm32f1xx_hal_i2c.o
    0x080018f0   0x080018f0   0x0000012c   Code   RO          507    i.HAL_I2C_Master_Transmit  stm32f1xx_hal_i2c.o
    0x08001a1c   0x08001a1c   0x00000098   Code   RO          211    i.HAL_I2C_MspInit   i2c.o
    0x08001ab4   0x08001ab4   0x00000010   Code   RO          937    i.HAL_IncTick       stm32f1xx_hal.o
    0x08001ac4   0x08001ac4   0x00000024   Code   RO          938    i.HAL_Init          stm32f1xx_hal.o
    0x08001ae8   0x08001ae8   0x00000040   Code   RO          939    i.HAL_InitTick      stm32f1xx_hal.o
    0x08001b28   0x08001b28   0x0000003c   Code   RO          423    i.HAL_MspInit       stm32f1xx_hal_msp.o
    0x08001b64   0x08001b64   0x00000040   Code   RO         1403    i.HAL_NVIC_SetPriority  stm32f1xx_hal_cortex.o
    0x08001ba4   0x08001ba4   0x00000024   Code   RO         1404    i.HAL_NVIC_SetPriorityGrouping  stm32f1xx_hal_cortex.o
    0x08001bc8   0x08001bc8   0x0000012c   Code   RO         1095    i.HAL_RCC_ClockConfig  stm32f1xx_hal_rcc.o
    0x08001cf4   0x08001cf4   0x00000020   Code   RO         1102    i.HAL_RCC_GetPCLK1Freq  stm32f1xx_hal_rcc.o
    0x08001d14   0x08001d14   0x00000020   Code   RO         1103    i.HAL_RCC_GetPCLK2Freq  stm32f1xx_hal_rcc.o
    0x08001d34   0x08001d34   0x0000004c   Code   RO         1104    i.HAL_RCC_GetSysClockFreq  stm32f1xx_hal_rcc.o
    0x08001d80   0x08001d80   0x00000320   Code   RO         1107    i.HAL_RCC_OscConfig  stm32f1xx_hal_rcc.o
    0x080020a0   0x080020a0   0x00000028   Code   RO         1408    i.HAL_SYSTICK_Config  stm32f1xx_hal_cortex.o
    0x080020c8   0x080020c8   0x00000068   Code   RO         2622    i.HAL_TIMEx_MasterConfigSynchronization  stm32f1xx_hal_tim_ex.o
    0x08002130   0x08002130   0x0000005a   Code   RO         1899    i.HAL_TIM_Base_Init  stm32f1xx_hal_tim.o
    0x0800218a   0x0800218a   0x00000002   PAD
    0x0800218c   0x0800218c   0x00000028   Code   RO          259    i.HAL_TIM_Base_MspInit  tim.o
    0x080021b4   0x080021b4   0x000000dc   Code   RO         1908    i.HAL_TIM_ConfigClockSource  stm32f1xx_hal_tim.o
    0x08002290   0x08002290   0x00000064   Code   RO         2900    i.HAL_UART_Init     stm32f1xx_hal_uart.o
    0x080022f4   0x080022f4   0x00000070   Code   RO          307    i.HAL_UART_MspInit  usart.o
    0x08002364   0x08002364   0x00000002   Code   RO          350    i.HardFault_Handler  stm32f1xx_it.o
    0x08002366   0x08002366   0x0000002e   Code   RO          537    i.I2C_IsAcknowledgeFailed  stm32f1xx_hal_i2c.o
    0x08002394   0x08002394   0x0000009c   Code   RO          541    i.I2C_MasterRequestWrite  stm32f1xx_hal_i2c.o
    0x08002430   0x08002430   0x0000002e   Code   RO         9841    i.I2C_Start         aht20-21_demo_v1_3.o
    0x0800245e   0x0800245e   0x00000056   Code   RO          552    i.I2C_WaitOnBTFFlagUntilTimeout  stm32f1xx_hal_i2c.o
    0x080024b4   0x080024b4   0x00000090   Code   RO          553    i.I2C_WaitOnFlagUntilTimeout  stm32f1xx_hal_i2c.o
    0x08002544   0x08002544   0x000000bc   Code   RO          554    i.I2C_WaitOnMasterAddressFlagUntilTimeout  stm32f1xx_hal_i2c.o
    0x08002600   0x08002600   0x00000056   Code   RO          556    i.I2C_WaitOnTXEFlagUntilTimeout  stm32f1xx_hal_i2c.o
    0x08002656   0x08002656   0x00000002   PAD
    0x08002658   0x08002658   0x00000048   Code   RO         9842    i.Init_I2C_Sensor_Port  aht20-21_demo_v1_3.o
    0x080026a0   0x080026a0   0x0000003c   Code   RO          186    i.MX_GPIO_Init      gpio.o
    0x080026dc   0x080026dc   0x00000040   Code   RO          212    i.MX_I2C1_Init      i2c.o
    0x0800271c   0x0800271c   0x00000040   Code   RO          213    i.MX_I2C2_Init      i2c.o
    0x0800275c   0x0800275c   0x00000068   Code   RO          260    i.MX_TIM1_Init      tim.o
    0x080027c4   0x080027c4   0x00000038   Code   RO          308    i.MX_USART1_UART_Init  usart.o
    0x080027fc   0x080027fc   0x00000002   Code   RO          351    i.MemManage_Handler  stm32f1xx_it.o
    0x080027fe   0x080027fe   0x00000002   Code   RO          352    i.NMI_Handler       stm32f1xx_it.o
    0x08002800   0x08002800   0x00000002   Code   RO          353    i.PendSV_Handler    stm32f1xx_it.o
    0x08002802   0x08002802   0x00000002   PAD
    0x08002804   0x08002804   0x0000004c   Code   RO         9844    i.Receive_ACK       aht20-21_demo_v1_3.o
    0x08002850   0x08002850   0x00000010   Code   RO         9845    i.SCL_Pin_Output_High  aht20-21_demo_v1_3.o
    0x08002860   0x08002860   0x00000010   Code   RO         9846    i.SCL_Pin_Output_Low  aht20-21_demo_v1_3.o
    0x08002870   0x08002870   0x0000001c   Code   RO         9847    i.SDA_Pin_IN_FLOATING  aht20-21_demo_v1_3.o
    0x0800288c   0x0800288c   0x00000028   Code   RO         9848    i.SDA_Pin_Output_High  aht20-21_demo_v1_3.o
    0x080028b4   0x080028b4   0x00000028   Code   RO         9849    i.SDA_Pin_Output_Low  aht20-21_demo_v1_3.o
    0x080028dc   0x080028dc   0x00000002   Code   RO          354    i.SVC_Handler       stm32f1xx_it.o
    0x080028de   0x080028de   0x00000038   Code   RO         9850    i.Send_ACK          aht20-21_demo_v1_3.o
    0x08002916   0x08002916   0x00000038   Code   RO         9851    i.Send_NOT_ACK      aht20-21_demo_v1_3.o
    0x0800294e   0x0800294e   0x00000014   Code   RO         9852    i.SensorDelay_us    aht20-21_demo_v1_3.o
    0x08002962   0x08002962   0x00000024   Code   RO         9853    i.Stop_I2C          aht20-21_demo_v1_3.o
    0x08002986   0x08002986   0x00000004   Code   RO          355    i.SysTick_Handler   stm32f1xx_it.o
    0x0800298a   0x0800298a   0x0000005e   Code   RO           14    i.SystemClock_Config  main.o
    0x080029e8   0x080029e8   0x00000002   Code   RO         3234    i.SystemInit        system_stm32f1xx.o
    0x080029ea   0x080029ea   0x00000002   PAD
    0x080029ec   0x080029ec   0x00000078   Code   RO         1992    i.TIM_Base_SetConfig  stm32f1xx_hal_tim.o
    0x08002a64   0x08002a64   0x00000014   Code   RO         2003    i.TIM_ETR_SetConfig  stm32f1xx_hal_tim.o
    0x08002a78   0x08002a78   0x00000010   Code   RO         2004    i.TIM_ITRx_SetConfig  stm32f1xx_hal_tim.o
    0x08002a88   0x08002a88   0x00000022   Code   RO         2010    i.TIM_TI1_ConfigInputStage  stm32f1xx_hal_tim.o
    0x08002aaa   0x08002aaa   0x00000024   Code   RO         2012    i.TIM_TI2_ConfigInputStage  stm32f1xx_hal_tim.o
    0x08002ace   0x08002ace   0x00000002   PAD
    0x08002ad0   0x08002ad0   0x0000003c   Code   RO          261    i.Tims_delay_us     tim.o
    0x08002b0c   0x08002b0c   0x000000b8   Code   RO         2926    i.UART_SetConfig    stm32f1xx_hal_uart.o
    0x08002bc4   0x08002bc4   0x00000002   Code   RO          356    i.UsageFault_Handler  stm32f1xx_it.o
    0x08002bc6   0x08002bc6   0x00000028   Code   RO        10406    i.__ARM_fpclassify  m_ws.l(fpclassify.o)
    0x08002bee   0x08002bee   0x00000020   Code   RO         1410    i.__NVIC_SetPriority  stm32f1xx_hal_cortex.o
    0x08002c0e   0x08002c0e   0x0000000e   Code   RO        10274    i._is_digit         c_w.l(__printf_wp.o)
    0x08002c1c   0x08002c1c   0x00000076   Code   RO           15    i.main              main.o
    0x08002c92   0x08002c92   0x00000002   PAD
    0x08002c94   0x08002c94   0x00000104   Code   RO           16    i.oled_write        main.o
    0x08002d98   0x08002d98   0x000000fc   Code   RO           17    i.oled_write_init   main.o
    0x08002e94   0x08002e94   0x00000034   Code   RO        10122    i.u8g2Init          stm32_u8g2.o
    0x08002ec8   0x08002ec8   0x00000012   Code   RO         3949    i.u8g2_ClearBuffer  u8g2_buffer.o
    0x08002eda   0x08002eda   0x00000070   Code   RO         4164    i.u8g2_DrawGlyph    u8g2_font.o
    0x08002f4a   0x08002f4a   0x00000002   PAD
    0x08002f4c   0x08002f4c   0x000000ac   Code   RO         6389    i.u8g2_DrawHVLine   u8g2_hvline.o
    0x08002ff8   0x08002ff8   0x00000094   Code   RO         3873    i.u8g2_DrawHXBMP    u8g2_bitmap.o
    0x0800308c   0x0800308c   0x00000010   Code   RO         4166    i.u8g2_DrawStr      u8g2_font.o
    0x0800309c   0x0800309c   0x00000010   Code   RO         4168    i.u8g2_DrawUTF8     u8g2_font.o
    0x080030ac   0x080030ac   0x0000004c   Code   RO         3876    i.u8g2_DrawXBMP     u8g2_bitmap.o
    0x080030f8   0x080030f8   0x00000030   Code   RO         6450    i.u8g2_IsIntersection  u8g2_intersection.o
    0x08003128   0x08003128   0x00000012   Code   RO         3952    i.u8g2_SendBuffer   u8g2_buffer.o
    0x0800313a   0x0800313a   0x00000020   Code   RO         4182    i.u8g2_SetFont      u8g2_font.o
    0x0800315a   0x0800315a   0x00000002   PAD
    0x0800315c   0x0800315c   0x0000000c   Code   RO         4185    i.u8g2_SetFontPosBaseline  u8g2_font.o
    0x08003168   0x08003168   0x0000001c   Code   RO         6638    i.u8g2_SetMaxClipWindow  u8g2_setup.o
    0x08003184   0x08003184   0x00000042   Code   RO         6639    i.u8g2_SetupBuffer  u8g2_setup.o
    0x080031c6   0x080031c6   0x00000002   PAD
    0x080031c8   0x080031c8   0x00000038   Code   RO         4141    i.u8g2_Setup_ssd1306_i2c_128x64_noname_f  u8g2_d_setup.o
    0x08003200   0x08003200   0x00000052   Code   RO         4192    i.u8g2_UpdateRefHeight  u8g2_font.o
    0x08003252   0x08003252   0x0000001c   Code   RO         4193    i.u8g2_add_vector_x  u8g2_font.o
    0x0800326e   0x0800326e   0x0000001c   Code   RO         4194    i.u8g2_add_vector_y  u8g2_font.o
    0x0800328a   0x0800328a   0x0000006e   Code   RO         6641    i.u8g2_apply_clip_window  u8g2_setup.o
    0x080032f8   0x080032f8   0x0000003c   Code   RO         6393    i.u8g2_clip_intersection2  u8g2_hvline.o
    0x08003334   0x08003334   0x00000012   Code   RO         6394    i.u8g2_draw_hv_line_2dir  u8g2_hvline.o
    0x08003346   0x08003346   0x0000000c   Code   RO         6643    i.u8g2_draw_l90_r0  u8g2_setup.o
    0x08003352   0x08003352   0x00000076   Code   RO         4195    i.u8g2_draw_string  u8g2_font.o
    0x080033c8   0x080033c8   0x00000004   Code   RO         4201    i.u8g2_font_calc_vref_font  u8g2_font.o
    0x080033cc   0x080033cc   0x00000014   Code   RO         4203    i.u8g2_font_decode_get_signed_bits  u8g2_font.o
    0x080033e0   0x080033e0   0x00000034   Code   RO         4204    i.u8g2_font_decode_get_unsigned_bits  u8g2_font.o
    0x08003414   0x08003414   0x00000114   Code   RO         4205    i.u8g2_font_decode_glyph  u8g2_font.o
    0x08003528   0x08003528   0x0000008c   Code   RO         4206    i.u8g2_font_decode_len  u8g2_font.o
    0x080035b4   0x080035b4   0x00000072   Code   RO         4207    i.u8g2_font_get_glyph_data  u8g2_font.o
    0x08003626   0x08003626   0x00000014   Code   RO         4208    i.u8g2_font_get_word  u8g2_font.o
    0x0800363a   0x0800363a   0x00000034   Code   RO         4209    i.u8g2_font_setup_decode  u8g2_font.o
    0x0800366e   0x0800366e   0x00000018   Code   RO         6451    i.u8g2_is_intersection_decision_tree  u8g2_intersection.o
    0x08003686   0x08003686   0x00000002   PAD
    0x08003688   0x08003688   0x00000090   Code   RO         6499    i.u8g2_ll_hvline_vertical_top_lsb  u8g2_ll_hvline.o
    0x08003718   0x08003718   0x0000000c   Code   RO         4125    i.u8g2_m_16_8_f     u8g2_d_memory.o
    0x08003724   0x08003724   0x0000006a   Code   RO         4210    i.u8g2_read_font_info  u8g2_font.o
    0x0800378e   0x0800378e   0x0000004e   Code   RO         3960    i.u8g2_send_buffer  u8g2_buffer.o
    0x080037dc   0x080037dc   0x00000046   Code   RO         6648    i.u8g2_update_dimension_common  u8g2_setup.o
    0x08003822   0x08003822   0x00000004   Code   RO         6649    i.u8g2_update_dimension_r0  u8g2_setup.o
    0x08003826   0x08003826   0x00000022   Code   RO         6653    i.u8g2_update_page_win_r0  u8g2_setup.o
    0x08003848   0x08003848   0x0000001e   Code   RO         9405    i.u8x8_DrawTile     u8x8_display.o
    0x08003866   0x08003866   0x00000010   Code   RO         9407    i.u8x8_InitDisplay  u8x8_display.o
    0x08003876   0x08003876   0x00000010   Code   RO         9409    i.u8x8_RefreshDisplay  u8x8_display.o
    0x08003886   0x08003886   0x00000010   Code   RO         9412    i.u8x8_SetPowerSave  u8x8_display.o
    0x08003896   0x08003896   0x00000022   Code   RO         9711    i.u8x8_Setup        u8x8_setup.o
    0x080038b8   0x080038b8   0x00000024   Code   RO         9712    i.u8x8_SetupDefaults  u8x8_setup.o
    0x080038dc   0x080038dc   0x00000010   Code   RO         9413    i.u8x8_SetupMemory  u8x8_display.o
    0x080038ec   0x080038ec   0x0000000e   Code   RO         6933    i.u8x8_ascii_next   u8x8_8x8.o
    0x080038fa   0x080038fa   0x00000010   Code   RO         7058    i.u8x8_byte_EndTransfer  u8x8_byte.o
    0x0800390a   0x0800390a   0x0000000e   Code   RO         7059    i.u8x8_byte_SendByte  u8x8_byte.o
    0x08003918   0x08003918   0x00000010   Code   RO         7062    i.u8x8_byte_StartTransfer  u8x8_byte.o
    0x08003928   0x08003928   0x00000070   Code   RO        10123    i.u8x8_byte_hw_i2c  stm32_u8g2.o
    0x08003998   0x08003998   0x00000010   Code   RO         7178    i.u8x8_cad_EndTransfer  u8x8_cad.o
    0x080039a8   0x080039a8   0x00000010   Code   RO         7179    i.u8x8_cad_SendArg  u8x8_cad.o
    0x080039b8   0x080039b8   0x00000010   Code   RO         7180    i.u8x8_cad_SendCmd  u8x8_cad.o
    0x080039c8   0x080039c8   0x00000010   Code   RO         7181    i.u8x8_cad_SendData  u8x8_cad.o
    0x080039d8   0x080039d8   0x00000068   Code   RO         7183    i.u8x8_cad_SendSequence  u8x8_cad.o
    0x08003a40   0x08003a40   0x00000010   Code   RO         7184    i.u8x8_cad_StartTransfer  u8x8_cad.o
    0x08003a50   0x08003a50   0x000000bc   Code   RO         7187    i.u8x8_cad_ssd13xx_fast_i2c  u8x8_cad.o
    0x08003b0c   0x08003b0c   0x00000060   Code   RO         9414    i.u8x8_d_helper_display_init  u8x8_display.o
    0x08003b6c   0x08003b6c   0x0000000a   Code   RO         9415    i.u8x8_d_helper_display_setup_memory  u8x8_display.o
    0x08003b76   0x08003b76   0x00000002   PAD
    0x08003b78   0x08003b78   0x0000003c   Code   RO         8192    i.u8x8_d_ssd1306_128x64_noname  u8x8_d_ssd1306_128x64_noname.o
    0x08003bb4   0x08003bb4   0x000000c8   Code   RO         8194    i.u8x8_d_ssd1306_sh1106_generic  u8x8_d_ssd1306_128x64_noname.o
    0x08003c7c   0x08003c7c   0x00000004   Code   RO         9714    i.u8x8_dummy_cb     u8x8_setup.o
    0x08003c80   0x08003c80   0x0000006a   Code   RO        10124    i.u8x8_gpio_and_delay  stm32_u8g2.o
    0x08003cea   0x08003cea   0x0000000c   Code   RO         9633    i.u8x8_gpio_call    u8x8_gpio.o
    0x08003cf6   0x08003cf6   0x0000002c   Code   RO         7195    i.u8x8_i2c_data_transfer  u8x8_cad.o
    0x08003d22   0x08003d22   0x00000008   Code   RO         6941    i.u8x8_utf8_init    u8x8_8x8.o
    0x08003d2a   0x08003d2a   0x00000090   Code   RO         6942    i.u8x8_utf8_next    u8x8_8x8.o
    0x08003dba   0x08003dba   0x00000002   PAD
    0x08003dbc   0x08003dbc   0x0000002c   Code   RO        10402    locale$$code        c_w.l(lc_numeric_c.o)
    0x08003de8   0x08003de8   0x000002b0   Code   RO        10296    x$fpl$ddiv          fz_ws.l(ddiv.o)
    0x08004098   0x08004098   0x0000002e   Code   RO        10304    x$fpl$dflt          fz_ws.l(dflt_clz.o)
    0x080040c6   0x080040c6   0x0000009c   Code   RO        10331    x$fpl$dnaninf       fz_ws.l(dnaninf.o)
    0x08004162   0x08004162   0x0000000c   Code   RO        10333    x$fpl$dretinf       fz_ws.l(dretinf.o)
    0x0800416e   0x0800416e   0x00000004   Code   RO        10311    x$fpl$printf1       fz_ws.l(printf1.o)
    0x08004172   0x08004172   0x00000000   Code   RO        10335    x$fpl$usenofp       fz_ws.l(usenofp.o)
    0x08004172   0x08004172   0x000000c0   Data   RO           18    .constdata          main.o
    0x08004232   0x08004232   0x00000012   Data   RO         1108    .constdata          stm32f1xx_hal_rcc.o
    0x08004244   0x08004244   0x00000010   Data   RO         3235    .constdata          system_stm32f1xx.o
    0x08004254   0x08004254   0x00000008   Data   RO         3236    .constdata          system_stm32f1xx.o
    0x0800425c   0x0800425c   0x00000f71   Data   RO         5733    .constdata          u8g2_fonts.o
    0x080051cd   0x080051cd   0x00000003   PAD
    0x080051d0   0x080051d0   0x0000000c   Data   RO         6657    .constdata          u8g2_setup.o
    0x080051dc   0x080051dc   0x00000158   Data   RO         8196    .constdata          u8x8_d_ssd1306_128x64_noname.o
    0x08005334   0x08005334   0x00000094   Data   RO        10363    .constdata          c_w.l(bigflt0.o)
    0x080053c8   0x080053c8   0x00000020   Data   RO        10710    Region$$Table       anon$$obj.o
    0x080053e8   0x080053e8   0x0000001c   Data   RO        10401    locale$$data        c_w.l(lc_numeric_c.o)


    Execution Region RW_IRAM1 (Exec base: 0x20000000, Load base: 0x08005404, Size: 0x00000c30, Max: 0x00005000, ABSOLUTE)

    Exec Addr    Load Addr    Size         Type   Attr      Idx    E Section Name        Object

    0x20000000   0x08005404   0x0000000c   Data   RW          945    .data               stm32f1xx_hal.o
    0x2000000c   0x08005410   0x00000004   Data   RW         3237    .data               system_stm32f1xx.o
    0x20000010   0x08005414   0x00000006   Data   RW         7197    .data               u8x8_cad.o
    0x20000016   0x0800541a   0x00000001   Data   RW        10126    .data               stm32_u8g2.o
    0x20000017   0x0800541b   0x00000001   PAD
    0x20000018        -       0x000000a8   Zero   RW          214    .bss                i2c.o
    0x200000c0        -       0x00000048   Zero   RW          262    .bss                tim.o
    0x20000108        -       0x00000048   Zero   RW          309    .bss                usart.o
    0x20000150        -       0x00000400   Zero   RW         4126    .bss                u8g2_d_memory.o
    0x20000550        -       0x00000080   Zero   RW        10125    .bss                stm32_u8g2.o
    0x200005d0        -       0x00000060   Zero   RW        10414    .bss                c_w.l(libspace.o)
    0x20000630        -       0x00000200   Zero   RW            2    HEAP                startup_stm32f103xb.o
    0x20000830        -       0x00000400   Zero   RW            1    STACK               startup_stm32f103xb.o


==============================================================================

Image component sizes


      Code (inc. data)   RO Data    RW Data    ZI Data      Debug   Object Name

      1194         38          0          0          0      12323   aht20-21_demo_v1_3.o
        60          6          0          0          0        795   gpio.o
       280         46          0          0        168       2218   i2c.o
       728         38        192          0          0     594779   main.o
         0          0          0          0          0     157140   mui_u8g2.o
        64         26        236          0       1536        800   startup_stm32f103xb.o
       270         28          0          1        128       2324   stm32_u8g2.o
       164         28          0         12          0       5813   stm32f1xx_hal.o
       172         14          0          0          0      28230   stm32f1xx_hal_cortex.o
       500         34          0          0          0       3471   stm32f1xx_hal_gpio.o
      1398         32          0          0          0       9017   stm32f1xx_hal_i2c.o
        60          8          0          0          0        854   stm32f1xx_hal_msp.o
      1240         84         18          0          0       5044   stm32f1xx_hal_rcc.o
       536         12          0          0          0       5979   stm32f1xx_hal_tim.o
       104         12          0          0          0       1336   stm32f1xx_hal_tim_ex.o
       284          6          0          0          0       1900   stm32f1xx_hal_uart.o
        20          0          0          0          0       3770   stm32f1xx_it.o
         2          0         24          4          0       1083   system_stm32f1xx.o
       204         24          0          0         72       2038   tim.o
       224          0          0          0          0       1953   u8g2_bitmap.o
       114          0          0          0          0       2307   u8g2_buffer.o
        12          4          0          0       1024        752   u8g2_d_memory.o
        56         14          0          0          0        989   u8g2_d_setup.o
      1228         14          0          0          0      13576   u8g2_font.o
         0          0       3953          0          0     143005   u8g2_fonts.o
       250          0          0          0          0       2287   u8g2_hvline.o
        72          0          0          0          0       1763   u8g2_intersection.o
       144          0          0          0          0       1290   u8g2_ll_hvline.o
       324          0         12          0          0     144313   u8g2_setup.o
       166          0          0          0          0       2390   u8x8_8x8.o
        46          0          0          0          0       1535   u8x8_byte.o
       416         12          0          6          0       8252   u8x8_cad.o
       260         12        344          0          0       2931   u8x8_d_ssd1306_128x64_noname.o
       200          0          0          0          0       3978   u8x8_display.o
        12          0          0          0          0        541   u8x8_gpio.o
        74          4          0          0          0       1610   u8x8_setup.o
       168         20          0          0         72       1630   usart.o

    ----------------------------------------------------------------------
     11074        516       4814         24       3000    1174016   Object Totals
         0          0         32          0          0          0   (incl. Generated)
        28          0          3          1          0          0   (incl. Padding)

    ----------------------------------------------------------------------

      Code (inc. data)   RO Data    RW Data    ZI Data      Debug   Library Member Name

         8          0          0          0          0         68   __main.o
       284          0          0          0          0        156   __printf_wp.o
         0          0          0          0          0          0   __rtentry.o
        12          0          0          0          0          0   __rtentry2.o
         6          0          0          0          0          0   __rtentry4.o
        52          8          0          0          0          0   __scatter.o
        26          0          0          0          0          0   __scatter_copy.o
        28          0          0          0          0          0   __scatter_zi.o
        48          6          0          0          0         96   _printf_char_common.o
         6          0          0          0          0          0   _printf_f.o
      1054          0          0          0          0        216   _printf_fp_dec.o
       128         16          0          0          0         84   _printf_fp_infnan.o
         0          0          0          0          0          0   _printf_percent.o
         4          0          0          0          0          0   _printf_percent_end.o
        10          0          0          0          0         68   _sputc.o
       228          4        148          0          0         96   bigflt0.o
      1936        128          0          0          0        672   btod.o
        18          0          0          0          0         80   exit.o
         6          0          0          0          0        152   heapauxi.o
         0          0          0          0          0          0   indicate_semi.o
        44         10         28          0          0         76   lc_numeric_c.o
         2          0          0          0          0          0   libinit.o
        18          0          0          0          0          0   libinit2.o
         2          0          0          0          0          0   libshutdown.o
         2          0          0          0          0          0   libshutdown2.o
         8          4          0          0         96         68   libspace.o
       138          0          0          0          0         80   lludiv10.o
        40          6          0          0          0         84   noretval__2sprintf.o
         8          4          0          0          0         68   rt_locale_intlibspace.o
        68          0          0          0          0         68   rt_memclr.o
        78          0          0          0          0         80   rt_memclr_w.o
         2          0          0          0          0          0   rtexit.o
        10          0          0          0          0          0   rtexit2.o
       128          0          0          0          0         68   strcmpv7m.o
        12          4          0          0          0         68   sys_exit.o
        74          0          0          0          0         80   sys_stackheap_outer.o
         2          0          0          0          0         68   use_no_semi.o
       688        140          0          0          0        208   ddiv.o
        46          0          0          0          0         68   dflt_clz.o
       156          4          0          0          0         92   dnaninf.o
        12          0          0          0          0         68   dretinf.o
         4          0          0          0          0         68   printf1.o
         0          0          0          0          0          0   usenofp.o
        40          0          0          0          0         68   fpclassify.o

    ----------------------------------------------------------------------
      5444        334        176          0         96       3068   Library Totals
         8          0          0          0          0          0   (incl. Padding)

    ----------------------------------------------------------------------

      Code (inc. data)   RO Data    RW Data    ZI Data      Debug   Library Name

      4490        190        176          0         96       2496   c_w.l
       906        144          0          0          0        504   fz_ws.l
        40          0          0          0          0         68   m_ws.l

    ----------------------------------------------------------------------
      5444        334        176          0         96       3068   Library Totals

    ----------------------------------------------------------------------

==============================================================================


      Code (inc. data)   RO Data    RW Data    ZI Data      Debug   

     16518        850       4990         24       3096    1168032   Grand Totals
     16518        850       4990         24       3096    1168032   ELF Image Totals
     16518        850       4990         24          0          0   ROM Totals

==============================================================================

    Total RO  Size (Code + RO Data)                21508 (  21.00kB)
    Total RW  Size (RW Data + ZI Data)              3120 (   3.05kB)
    Total ROM Size (Code + RO Data + RW Data)      21532 (  21.03kB)

==============================================================================

