<html>
<body>
<pre>
<h1>礦ision Build Log</h1>
<h2>Tool Versions:</h2>
IDE-Version: μVision V5.31.0.0
Copyright (C) 2020 ARM Ltd and ARM Germany GmbH. All rights reserved.
License Information: XXX paperes81@outlook.com, xxx, LIC=RC9PC-787J0-4S4Y4-FV0WT-UHXE7-4V8RD
 
Tool Versions:
Toolchain:       MDK-ARM Plus  Version: 5.31.0.0
Toolchain Path:  C:\Keil_v5\ARM\ARMCC\Bin
C Compiler:      Armcc.exe V5.06 update 6 (build 750)
Assembler:       Armasm.exe V5.06 update 6 (build 750)
Linker/Locator:  ArmLink.exe V5.06 update 6 (build 750)
Library Manager: ArmAr.exe V5.06 update 6 (build 750)
Hex Converter:   FromElf.exe V5.06 update 6 (build 750)
CPU DLL:         SARMCM3.DLL V5.31.0.0
Dialog DLL:      DCM.DLL V1.17.3.0
Target DLL:      STLink\ST-LINKIII-KEIL_SWO.dll V3.0.7.0
Dialog DLL:      TCM.DLL V1.46.0.0
 
<h2>Project:</h2>
C:\Users\paper\Documents\1WORK\I2C(U8g2)\MDK-ARM\I2C(U8g2).uvprojx
Project File Date:  12/14/2024

<h2>Output:</h2>
*** Using Compiler 'V5.06 update 6 (build 750)', folder: 'C:\Keil_v5\ARM\ARMCC\Bin'
Rebuild target 'I2C(U8g2)'
assembling startup_stm32f103xb.s...
compiling tim.c...
compiling stm32f1xx_hal_rcc_ex.c...
compiling stm32f1xx_hal_gpio_ex.c...
compiling stm32f1xx_hal_cortex.c...
compiling stm32f1xx_hal_gpio.c...
compiling stm32f1xx_it.c...
compiling stm32f1xx_hal.c...
compiling gpio.c...
compiling stm32f1xx_hal_rcc.c...
compiling usart.c...
compiling i2c.c...
compiling stm32f1xx_hal_msp.c...
compiling stm32f1xx_hal_pwr.c...
compiling stm32f1xx_hal_dma.c...
compiling mui.c...
compiling main.c...
../Core/Src/main.c(78): warning:  #223-D: function "sprintf" declared implicitly
    sprintf(t, "%.2f",t1/10 ); // 使用sprintf将int变量转换为字符串
../Core/Src/main.c(82): warning:  #223-D: function "u8g2Init" declared implicitly
    u8g2Init(&u8g2);	
../Core/Src/main.c(98): warning:  #223-D: function "u8g2Init" declared implicitly
    u8g2Init(&u8g2);	
../Core/Src/main.c(152): warning:  #223-D: function "u8g2Init" declared implicitly
    u8g2Init(&u8g2);
../Core/Src/main.c: 4 warnings, 0 errors
compiling u8g2_bitmap.c...
compiling stm32f1xx_hal_i2c.c...
compiling u8g2_buffer.c...
compiling mui_u8g2.c...
compiling u8g2_button.c...
compiling u8g2_box.c...
compiling u8g2_circle.c...
compiling u8g2_cleardisplay.c...
compiling u8g2_d_memory.c...
compiling u8g2_hvline.c...
compiling u8g2_input_value.c...
compiling u8g2_intersection.c...
compiling u8g2_kerning.c...
compiling stm32f1xx_hal_flash.c...
compiling u8g2_font.c...
compiling stm32f1xx_hal_exti.c...
compiling u8g2_line.c...
compiling system_stm32f1xx.c...
compiling u8g2_ll_hvline.c...
compiling stm32f1xx_hal_flash_ex.c...
compiling u8g2_message.c...
compiling u8g2_polygon.c...
compiling u8log.c...
compiling u8log_u8x8.c...
compiling u8g2_selection_list.c...
compiling stm32f1xx_hal_tim_ex.c...
compiling stm32f1xx_hal_uart.c...
compiling u8g2_setup.c...
csrc\u8g2_setup.c(468): warning:  #1-D: last line of file ends without a newline
    
csrc\u8g2_setup.c: 1 warning, 0 errors
compiling u8log_u8g2.c...
compiling u8x8_8x8.c...
compiling u8x8_d_a2printer.c...
csrc\u8x8_d_a2printer.c(182): warning:  #1-D: last line of file ends without a newline
    
csrc\u8x8_d_a2printer.c: 1 warning, 0 errors
compiling u8x8_capture.c...
csrc\u8x8_capture.c(254): warning:  #1-D: last line of file ends without a newline
  #endif
csrc\u8x8_capture.c: 1 warning, 0 errors
compiling u8x8_byte.c...
compiling u8x8_cad.c...
compiling u8x8_d_gp1287ai.c...
compiling u8x8_d_gp1247ai.c...
compiling stm32f1xx_hal_tim.c...
compiling u8x8_d_gu800.c...
compiling u8g2_d_setup.c...
csrc\u8g2_d_setup.c(17): warning:  #1-D: last line of file ends without a newline
    
csrc\u8g2_d_setup.c: 1 warning, 0 errors
compiling u8x8_d_ist3020.c...
compiling u8x8_d_il3820_296x128.c...
compiling u8x8_d_ist3088.c...
compiling u8x8_d_hd44102.c...
compiling u8x8_d_ist7920.c...
compiling u8x8_d_max7219.c...
compiling u8x8_d_lc7981.c...
compiling u8x8_d_pcd8544_84x48.c...
compiling u8x8_d_pcf8812.c...
compiling u8x8_d_ls013b7dh03.c...
compiling u8x8_d_ld7032_60x32.c...
compiling u8x8_d_ks0108.c...
compiling u8x8_d_pcf8814_hx1230.c...
compiling u8x8_d_sbn1661.c...
compiling u8x8_d_s1d15e06.c...
compiling u8x8_d_s1d15721.c...
compiling u8x8_d_sh1106_64x32.c...
compiling u8x8_d_sed1330.c...
compiling u8x8_d_sh1106_72x40.c...
compiling u8x8_d_sh1108.c...
compiling u8x8_d_ssd1306_48x64.c...
compiling u8x8_d_sh1107.c...
compiling u8x8_d_sh1122.c...
compiling u8x8_d_ssd1305.c...
compiling u8x8_d_ssd1306_64x32.c...
compiling u8x8_d_ssd1306_64x48.c...
compiling u8x8_d_ssd1306_72x40.c...
compiling u8x8_d_ssd1306_96x16.c...
compiling u8x8_d_ssd1306_96x40.c...
compiling u8x8_d_ssd1306_2040x16.c...
compiling u8x8_d_ssd1306_128x32.c...
compiling u8x8_d_ssd1316.c...
compiling u8x8_d_ssd1306_128x64_noname.c...
compiling u8x8_d_ssd1309.c...
compiling u8x8_d_ssd1318.c...
compiling u8x8_d_ssd1317.c...
compiling u8x8_d_ssd1320.c...
compiling u8x8_d_ssd1322.c...
compiling u8x8_d_ssd1325.c...
compiling u8g2_fonts.c...
compiling u8x8_d_ssd1326.c...
compiling u8x8_d_ssd1607_200x200.c...
compiling u8x8_d_ssd1606_172x72.c...
compiling u8x8_d_ssd1329.c...
compiling u8x8_d_st7511.c...
compiling u8x8_d_ssd1327.c...
compiling u8x8_d_st7571.c...
compiling u8x8_d_st7528.c...
csrc\u8x8_d_st7528.c(124): warning:  #111-D: statement is unreachable
        break;
csrc\u8x8_d_st7528.c: 1 warning, 0 errors
compiling u8x8_d_st7588.c...
compiling u8x8_d_st7567.c...
compiling u8x8_d_st7565.c...
compiling u8x8_d_st7586s_erc240160.c...
compiling u8x8_d_st7586s_ymc240160.c...
compiling u8x8_d_st7586s_s028hn118a.c...
compiling u8x8_d_st7920.c...
csrc\u8x8_d_st7920.c(321): warning:  #1-D: last line of file ends without a newline
  }
csrc\u8x8_d_st7920.c: 1 warning, 0 errors
compiling u8x8_d_st75160.c...
compiling u8x8_d_st75320.c...
compiling u8x8_d_t6963.c...
csrc\u8x8_d_t6963.c(564): warning:  #1-D: last line of file ends without a newline
    
csrc\u8x8_d_t6963.c: 1 warning, 0 errors
compiling u8x8_d_stdio.c...
compiling u8x8_d_uc1604.c...
compiling u8x8_d_uc1609.c...
compiling u8x8_d_uc1601.c...
compiling u8x8_d_uc1608.c...
compiling u8x8_d_uc1610.c...
compiling u8x8_d_st75256.c...
compiling u8x8_d_uc1611.c...
compiling u8x8_d_uc1638.c...
compiling u8x8_d_uc1701_dogs102.c...
compiling u8x8_d_uc1617.c...
compiling u8x8_d_uc1701_mini12864.c...
compiling u8x8_debounce.c...
compiling u8x8_gpio.c...
csrc\u8x8_gpio.c(50): warning:  #1-D: last line of file ends without a newline
  */
csrc\u8x8_gpio.c: 1 warning, 0 errors
compiling u8x8_display.c...
csrc\u8x8_display.c(203): warning:  #1-D: last line of file ends without a newline
  }
csrc\u8x8_display.c: 1 warning, 0 errors
compiling u8x8_input_value.c...
compiling u8x8_message.c...
compiling u8x8_selection_list.c...
compiling u8x8_fonts.c...
compiling u8x8_setup.c...
compiling u8x8_string.c...
compiling u8x8_u8toa.c...
compiling u8x8_u16toa.c...
csrc\u8x8_u16toa.c(77): warning:  #1-D: last line of file ends without a newline
  }
csrc\u8x8_u16toa.c: 1 warning, 0 errors
compiling oled.c...
compiling AHT20-21_DEMO_V1_3.c...
AHT20-21 DEMO V1_3\AHT20-21_DEMO_V1_3.c(463): warning:  #550-D: variable "Byte_first"  was set but never used
  	uint8_t Byte_first,Byte_second,Byte_third;
AHT20-21 DEMO V1_3\AHT20-21_DEMO_V1_3.c: 1 warning, 0 errors
compiling stm32_u8g2.c...
HARDWARE\stm32_u8g2.h(29): warning:  #1-D: last line of file ends without a newline
  #endif
HARDWARE\stm32_u8g2.c(154): warning:  #1-D: last line of file ends without a newline
  }
HARDWARE\stm32_u8g2.c(143): warning:  #177-D: variable "t"  was declared but never referenced
    int t = 1000;
HARDWARE\stm32_u8g2.c: 3 warnings, 0 errors
compiling test.c...
HARDWARE\test.h(18): warning:  #1-D: last line of file ends without a newline
  #endif
HARDWARE\test.c(20): warning:  #223-D: function "sprintf" declared implicitly
  		sprintf(buff,"%d%%",(int)(i/80.0*100));
HARDWARE\test.c: 2 warnings, 0 errors
linking...
Program Size: Code=16518 RO-data=4990 RW-data=24 ZI-data=3096  
FromELF: creating hex file...
"I2C(U8g2)\I2C(U8g2).axf" - 0 Error(s), 20 Warning(s).

<h2>Software Packages used:</h2>

Package Vendor: ARM
                https://www.keil.com/pack/ARM.CMSIS.6.1.0.pack
                ARM.CMSIS.6.1.0
                CMSIS (Common Microcontroller Software Interface Standard)
   * Component: CORE Version: 6.1.0

Package Vendor: Keil
                https://www.keil.com/pack/Keil.STM32F1xx_DFP.2.4.1.pack
                Keil.STM32F1xx_DFP.2.4.1
                STMicroelectronics STM32F1 Series Device Support, Drivers and Examples

<h2>Collection of Component include folders:</h2>
  .\RTE\_I2C_U8g2_
  C:\Users\paper\AppData\Local\Arm\Packs\ARM\CMSIS\6.1.0\CMSIS\Core\Include
  C:\Users\paper\AppData\Local\Arm\Packs\Keil\STM32F1xx_DFP\2.4.1\Device\Include

<h2>Collection of Component Files used:</h2>

   * Component: ARM::CMSIS:CORE:6.1.0
Build Time Elapsed:  00:00:10
</pre>
</body>
</html>
