<html>
<body>
<pre>
<h1>µVision Build Log</h1>
<h2>Tool Versions:</h2>
IDE-Version: ¦ÌVision V5.31.0.0
Copyright (C) 2020 ARM Ltd and ARM Germany GmbH. All rights reserved.
License Information: XXX paperes81@outlook.com, xxx, LIC=----
 
Tool Versions:
Toolchain:       MDK-Lite  Version: 5.31.0.0
Toolchain Path:  C:\Keil_v5\ARM\ARMCC\Bin
C Compiler:      Armcc.exe V5.06 update 6 (build 750)
Assembler:       Armasm.exe V5.06 update 6 (build 750)
Linker/Locator:  ArmLink.exe V5.06 update 6 (build 750)
Library Manager: ArmAr.exe V5.06 update 6 (build 750)
Hex Converter:   FromElf.exe V5.06 update 6 (build 750)
CPU DLL:         SARMCM3.DLL V5.31.0.0
Dialog DLL:      DCM.DLL V1.17.3.0
Target DLL:      STLink\ST-LINKIII-KEIL_SWO.dll V3.0.7.0
Dialog DLL:      TCM.DLL V1.46.0.0
 
<h2>Project:</h2>
C:\Users\paper\Documents\1WORK\output\MDK-ARM\output.uvproj
Project File Date:  12/09/2024

<h2>Output:</h2>
*** Using Compiler 'V5.06 update 6 (build 750)', folder: 'C:\Keil_v5\ARM\ARMCC\Bin'
Rebuild target 'output'
assembling startup_stm32f103xb.s...
compiling stm32f1xx_it.c...
compiling stm32f1xx_hal_cortex.c...
compiling stm32f1xx_hal.c...
compiling stm32f1xx_hal_flash.c...
compiling stm32f1xx_hal_dma.c...
compiling stm32f1xx_hal_msp.c...
compiling stm32f1xx_hal_flash_ex.c...
compiling stm32f1xx_hal_rcc.c...
compiling stm32f1xx_hal_pwr.c...
compiling stm32f1xx_hal_uart.c...
compiling stm32f1xx_hal_gpio_ex.c...
compiling stm32f1xx_hal_rcc_ex.c...
compiling main.c...
../Core/Src/main.c(50): warning:  #223-D: function "strlen" declared implicitly
  			HAL_UART_Transmit(&huart1, (uint8_t *)&message, strlen(message),0xFFFF); 
../Core/Src/main.c(64): warning:  #223-D: function "strlen" declared implicitly
  		HAL_UART_Transmit(&huart1, (uint8_t *)&tips2, strlen(tips2),0xFFFF); 
../Core/Src/main.c(70): warning:  #223-D: function "strlen" declared implicitly
  		HAL_UART_Transmit(&huart1, (uint8_t *)&tips1, strlen(tips1),0xFFFF); 
../Core/Src/main.c(76): warning:  #223-D: function "strlen" declared implicitly
  		HAL_UART_Transmit(&huart1, (uint8_t *)&tips, strlen(tips),0xFFFF); 
../Core/Src/main.c: 4 warnings, 0 errors
compiling stm32f1xx_hal_gpio.c...
compiling gpio.c...
compiling usart.c...
compiling system_stm32f1xx.c...
compiling stm32f1xx_hal_exti.c...
linking...
Program Size: Code=4940 RO-data=312 RW-data=80 ZI-data=1704  
FromELF: creating hex file...
"output\output.axf" - 0 Error(s), 4 Warning(s).
Build Time Elapsed:  00:00:05
</pre>
</body>
</html>
